Microchip MPLAB XC8 Compiler V2.31

Linker command line:

-W-3 --edf=/opt/microchip/xc8/v2.31/pic/dat/en_msgs.txt -cn \
  -h+dist/default/debug/hello_world.X.debug.sym \
  --cmf=dist/default/debug/hello_world.X.debug.cmf -z -Q18F4553 \
  -o/tmp/xcXimIKhH --defsym=__MPLAB_BUILD=1 \
  -Mdist/default/debug/hello_world.X.debug.map -E1 -ver=XC8 Compiler \
  -ASTACK=0400h-07FFh -pstack=STACK -ACODE=00h-07D3Fh -ACONST=00h-07D3Fh \
  -ASMALLCONST=0800h-08FFhx117,07D00h-07D3Fh -AMEDIUMCONST=0800h-07D3Fh \
  -ACOMRAM=01h-05Fh -AABS1=00h-03EEh,0400h-07FFh \
  -ABIGRAM=01h-03EEh,0400h-07FFh \
  -ARAM=060h-0FFh,0100h-01FFhx2,0300h-03EEh,0400h-04FFhx4 -ABANK0=060h-0FFh \
  -ABANK1=0100h-01FFh -ABANK2=0200h-02FFh -ABANK3=0300h-03EEh \
  -ABANK4=0400h-04FFh -ABANK5=0500h-05FFh -ABANK6=0600h-06FFh \
  -ABANK7=0700h-07FFh \
  -ASFR=0F60h-0F9Bh,0F9Dh-0FD3h,0FD5h-0FDAh,0FE0h-0FE2h,0FE8h-0FEAh,0FF0h-0FFBh \
  -ACONFIG=0300000h-030000Dh -AIDLOC=0200000h-0200007h \
  -AEEDATA=0F00000h-0F000FFh -peeprom_data=EEDATA \
  -preset_vec=00h,intcode=08h,intcodelo,powerup,init -pramtop=0800h \
  -psmallconst=SMALLCONST -pmediumconst=MEDIUMCONST -pconst=CONST \
  -AFARRAM=00h-00h \
  -prdata=COMRAM,nvrram=COMRAM,nvbit=COMRAM,rbss=COMRAM,rbit=COMRAM \
  -pfarbss=FARRAM,fardata=FARRAM,nvFARRAM=FARRAM \
  -pintsave_regs=BIGRAM,bigbss=BIGRAM,bigdata=BIGRAM -pbss=RAM \
  -pidata=CODE,irdata=CODE,ibigdata=CODE,ifardata=CODE -prparam=COMRAM \
  /tmp/xcXHcHpgG.o dist/default/debug/hello_world.X.debug.o 

Object code version is 3.11

Machine type is 18F4553



                Name                               Link     Load   Length Selector   Space Scale
/tmp/xcXHcHpgG.o
                idloc                            200000   200000        8        0       5
                config                           300000   300000        E        0       4
                init                                  E        E        4        4       0
                reset_vec                             0        0        4        0       0
dist/default/debug/hello_world.X.debug.o
                intcode                               8        8        6        4       0
                idloc                            200000   200000        8        0       5
                config                           300000   300000        E        0       4
                temp                                 20       20        1        1       1
                smallconst                          800      800       10      400       0
                intcode_body                        B24      B24       36      408       0
                text12                              C50      C50       1A      408       0
                text11                              AEE      AEE       36      408       0
                text10                              B5A      B5A       2E      408       0
                text9                               9DC      9DC       74      408       0
                text8                               8DE      8DE       84      408       0
                text7                               BE0      BE0       2C      408       0
                text6                               C0C      C0C       26      408       0
                text5                               C32      C32       1E      408       0
                text4                               810      810       CE      408       0
                text3                               BB4      BB4       2C      408       0
                text2                               B88      B88       2C      408       0
                text1                               962      962       7A      408       0
                text0                               A50      A50       5A      408       0
                cstackCOMRAM                          1        1       1A        1       1
                bssBIGRAM_1                         1EF      1EF      200      1EF       1
                dataCOMRAM                           1B       1B        4        1       1
                bssCOMRAM                            1F       1F        1        1       1
                cinit                               AAA      AAA       44      408       0
                idataCOMRAM                         C6A      C6A        4      408       0

TOTAL           Name                               Link     Load   Length     Space
        CLASS   STACK          

        CLASS   CODE           
                intcode                               8        8        6         0
                init                                  E        E        4         0
                reset_vec                             0        0        4         0
                intcode_body                        B24      B24       36         0
                text12                              C50      C50       1A         0
                text11                              AEE      AEE       36         0
                text10                              B5A      B5A       2E         0
                text9                               9DC      9DC       74         0
                text8                               8DE      8DE       84         0
                text7                               BE0      BE0       2C         0
                text6                               C0C      C0C       26         0
                text5                               C32      C32       1E         0
                text4                               810      810       CE         0
                text3                               BB4      BB4       2C         0
                text2                               B88      B88       2C         0
                text1                               962      962       7A         0
                text0                               A50      A50       5A         0
                cinit                               AAA      AAA       44         0
                idataCOMRAM                         C6A      C6A        4         0

        CLASS   CONST          

        CLASS   SMALLCONST     
                smallconst                          800      800       10         0

        CLASS   MEDIUMCONST    

        CLASS   COMRAM         
                temp                                 20       20        1         1
                cstackCOMRAM                          1        1       1A         1
                dataCOMRAM                           1B       1B        4         1
                bssCOMRAM                            1F       1F        1         1

        CLASS   ABS1           

        CLASS   BIGRAM         
                bssBIGRAM_1                         1EF      1EF      200         1

        CLASS   RAM            

        CLASS   BANK0          

        CLASS   BANK1          

        CLASS   BANK2          

        CLASS   BANK3          

        CLASS   BANK4          

        CLASS   BANK5          

        CLASS   BANK6          

        CLASS   BANK7          

        CLASS   SFR            

        CLASS   CONFIG         
                config                           300000   300000        E         4

        CLASS   IDLOC          
                idloc                            200000   200000        8         5

        CLASS   EEDATA         

        CLASS   FARRAM         



SEGMENTS        Name                           Load    Length   Top    Selector   Space  Class

                cstackCOMRAM                   000001  000020  000021         1       1  COMRAM  
                reset_vec                      000000  000004  000004         0       0  CODE    
                bssBIGRAM_1                    0001EF  000200  0003EF       1EF       1  BIGRAM  
                text4                          000810  00045E  000C6E       408       0  CODE    
                intcode                        000008  00000A  000012         4       0  CODE    
                smallconst                     000800  000010  000810       400       0  SMALLCON


UNUSED ADDRESS RANGES

        Name                Unused          Largest block    Delta
        BANK0            000060-0000FF               A0
        BANK1            000100-0001EE               EF
        BANK4            000400-0004FF              100
        BANK5            000500-0005FF              100
        BANK6            000600-0006FF              100
        BANK7            000700-0007FF              100
        BIGRAM           000021-0001EE              1CE
                         000400-0007FF              400
        CODE             000004-000007                4
                         000012-0007FF              7EE
                         000C6E-007D3F             70D2
        COMRAM           000021-00005F               3F
        CONST            000004-000007                4
                         000012-0007FF              7EE
                         000C6E-007D3F             70D2
        EEDATA           F00000-F000FF              100
        MEDIUMCONST      000C6E-007D3F             70D2
        RAM              000060-0001EE               A0
                         000400-0007FF              100
        SFR              000F60-000F9B               3C
                         000F9D-000FD3               37
                         000FD5-000FDA                6
                         000FE0-000FE2                3
                         000FE8-000FEA                3
                         000FF0-000FFB                C
        SMALLCONST       000C6E-007D3F              100
        STACK            000400-0007FF              400

                                  Symbol Table

?___wmul                 cstackCOMRAM 000003
?_atoi                   cstackCOMRAM 000009
?_strchr                 cstackCOMRAM 000003
?_strlen                 cstackCOMRAM 000003
?_strncmp                cstackCOMRAM 000007
?_strstr                 cstackCOMRAM 00000E
_CREN                    (abs)        007D5C
_INTCONbits              (abs)        000FF2
_LATD                    (abs)        000F8C
_LATDbits                (abs)        000F8C
_OSCCON                  (abs)        000FD3
_PIE1bits                (abs)        000F9D
_RCIF                    (abs)        007CF5
_RCREG                   (abs)        000FAE
_RCSTAbits               (abs)        000FAB
_SPBRG                   (abs)        000FAF
_TRISC6                  (abs)        007CA6
_TRISC7                  (abs)        007CA7
_TRISD                   (abs)        000F95
_TXIF                    (abs)        007CF4
_TXREG                   (abs)        000FAD
_TXSTAbits               (abs)        000FAC
_USART_Init              text12       000C50
__HRAM                   (abs)        000000
__Habs1                  abs1         000000
__Hbank0                 bank0        000000
__Hbank1                 bank1        000000
__Hbank2                 bank2        000000
__Hbank3                 bank3        000000
__Hbank4                 bank4        000000
__Hbank5                 bank5        000000
__Hbank6                 bank6        000000
__Hbank7                 bank7        000000
__Hbigbss                bigbss       000000
__Hbigdata               bigdata      000000
__Hbigram                bigram       000000
__Hbss                   bss          000000
__HbssBIGRAM_1           bssBIGRAM_1  000000
__HbssCOMRAM             bssCOMRAM    000000
__Hcinit                 cinit        000000
__Hclrtext               clrtext      000000
__Hcomram                comram       000000
__Hconfig                config       30000E
__Hconst                 const        000000
__HcstackCOMRAM          cstackCOMRAM 000000
__Hdata                  data         000000
__HdataCOMRAM            dataCOMRAM   000000
__Heeprom_data           eeprom_data  000000
__Hfarbss                farbss       000000
__Hfardata               fardata      000000
__Hibigdata              ibigdata     000000
__Hidata                 idata        000000
__HidataCOMRAM           idataCOMRAM  000000
__Hidloc                 idloc        200008
__Hifardata              ifardata     000000
__Hinit                  init         000012
__Hintcode               intcode      00000E
__Hintcode_body          intcode_body 000000
__Hintcodelo             intcodelo    00000E
__Hintentry              intentry     000000
__Hintret                intret       000000
__Hintsave_regs          intsave_regs 000000
__Hirdata                irdata       000000
__Hmediumconst           mediumconst  000000
__HnvFARRAM              nvFARRAM     000000
__Hnvbit                 nvbit        000000
__Hnvrram                nvrram       000000
__Hparam                 rparam       000000
__Hpowerup               powerup      00000E
__Hram                   ram          000000
__Hramtop                ramtop       000800
__Hrbit                  rbit         000000
__Hrbss                  rbss         000000
__Hrdata                 rdata        000000
__Hreset_vec             reset_vec    000004
__Hrparam                rparam       000000
__Hsfr                   sfr          000000
__Hsmallconst            smallconst   000810
__Hspace_0               (abs)        000C6E
__Hspace_1               (abs)        0003EF
__Hspace_2               (abs)        000000
__Hspace_4               (abs)        60000E
__Hstack                 stack        000000
__Hstruct                struct       000000
__Htemp                  temp         000021
__Htext                  text         000000
__Htext0                 text0        000000
__Htext1                 text1        000000
__Htext10                text10       000000
__Htext11                text11       000000
__Htext12                text12       000000
__Htext2                 text2        000000
__Htext3                 text3        000000
__Htext4                 text4        000000
__Htext5                 text5        000000
__Htext6                 text6        000000
__Htext7                 text7        000000
__Htext8                 text8        000000
__Htext9                 text9        000000
__LRAM                   (abs)        000001
__Labs1                  abs1         000000
__Lbank0                 bank0        000000
__Lbank1                 bank1        000000
__Lbank2                 bank2        000000
__Lbank3                 bank3        000000
__Lbank4                 bank4        000000
__Lbank5                 bank5        000000
__Lbank6                 bank6        000000
__Lbank7                 bank7        000000
__Lbigbss                bigbss       000000
__Lbigdata               bigdata      000000
__Lbigram                bigram       000000
__Lbss                   bss          000000
__LbssBIGRAM_1           bssBIGRAM_1  000000
__LbssCOMRAM             bssCOMRAM    000000
__Lcinit                 cinit        000000
__Lclrtext               clrtext      000000
__Lcomram                comram       000000
__Lconfig                config       000000
__Lconst                 const        000000
__LcstackCOMRAM          cstackCOMRAM 000000
__Ldata                  data         000000
__LdataCOMRAM            dataCOMRAM   000000
__Leeprom_data           eeprom_data  000000
__Lfarbss                farbss       000000
__Lfardata               fardata      000000
__Libigdata              ibigdata     000000
__Lidata                 idata        000000
__LidataCOMRAM           idataCOMRAM  000000
__Lidloc                 idloc        000000
__Lifardata              ifardata     000000
__Linit                  init         00000E
__Lintcode               intcode      000008
__Lintcode_body          intcode_body 000000
__Lintcodelo             intcodelo    00000E
__Lintentry              intentry     000000
__Lintret                intret       000000
__Lintsave_regs          intsave_regs 000000
__Lirdata                irdata       000000
__Lmediumconst           mediumconst  000000
__LnvFARRAM              nvFARRAM     000000
__Lnvbit                 nvbit        000000
__Lnvrram                nvrram       000000
__Lparam                 rparam       000000
__Lpowerup               powerup      00000E
__Lram                   ram          000000
__Lramtop                ramtop       000800
__Lrbit                  rbit         000000
__Lrbss                  rbss         000000
__Lrdata                 rdata        000000
__Lreset_vec             reset_vec    000000
__Lrparam                rparam       000000
__Lsfr                   sfr          000000
__Lsmallconst            smallconst   000800
__Lspace_0               (abs)        000000
__Lspace_1               (abs)        000000
__Lspace_2               (abs)        000000
__Lspace_4               (abs)        000000
__Lstack                 stack        000000
__Lstruct                struct       000000
__Ltemp                  temp         000020
__Ltext                  text         000000
__Ltext0                 text0        000000
__Ltext1                 text1        000000
__Ltext10                text10       000000
__Ltext11                text11       000000
__Ltext12                text12       000000
__Ltext2                 text2        000000
__Ltext3                 text3        000000
__Ltext4                 text4        000000
__Ltext5                 text5        000000
__Ltext6                 text6        000000
__Ltext7                 text7        000000
__Ltext8                 text8        000000
__Ltext9                 text9        000000
__S0                     (abs)        000C6E
__S1                     (abs)        0003EF
__S2                     (abs)        000000
__S4                     (abs)        000000
__S5                     (abs)        000000
___inthi_sp              stack        000000
___intlo_sp              stack        000000
___param_bank            (abs)        000000
___rparam_used           (abs)        000001
___sp                    stack        000000
___wmul                  text6        000C0C
___wmul@multiplicand     cstackCOMRAM 000005
___wmul@multiplier       cstackCOMRAM 000003
___wmul@product          cstackCOMRAM 000007
__accesstop              (abs)        000060
__activetblptr           (abs)        000002
__end_of_USART_Init      text12       000C6A
__end_of___wmul          text6        000C32
__end_of__initialization cinit        000AE0
__end_of_atoi            text4        0008DE
__end_of_data_received   text7        000C0C
__end_of_get_action      text1        0009DC
__end_of_is_command      text3        000BE0
__end_of_isdigit         text5        000C50
__end_of_isr             intcode_body 000B5A
__end_of_main            text0        000AAA
__end_of_memset          text2        000BB4
__end_of_strchr          text11       000B24
__end_of_strlen          text10       000B88
__end_of_strncmp         text9        000A50
__end_of_strstr          text8        000962
__initialization         cinit        000AAA
__mediumconst            mediumconst  000000
__pbssBIGRAM_1           bssBIGRAM_1  0001EF
__pbssCOMRAM             bssCOMRAM    00001F
__pcinit                 cinit        000AAA
__pcstackCOMRAM          cstackCOMRAM 000001
__pdataCOMRAM            dataCOMRAM   00001B
__pidataCOMRAM           idataCOMRAM  000C6A
__pintcode               intcode      000008
__pintcode_body          intcode_body 000B24
__psmallconst            smallconst   000800
__ptext0                 text0        000A50
__ptext1                 text1        000962
__ptext10                text10       000B5A
__ptext11                text11       000AEE
__ptext12                text12       000C50
__ptext2                 text2        000B88
__ptext3                 text3        000BB4
__ptext4                 text4        000810
__ptext5                 text5        000C32
__ptext6                 text6        000C0C
__ptext7                 text7        000BE0
__ptext8                 text8        0008DE
__ptext9                 text9        0009DC
__ramtop                 ramtop       000800
__size_of_USART_Init     (abs)        000000
__size_of___wmul         (abs)        000000
__size_of_atoi           (abs)        000000
__size_of_data_received  (abs)        000000
__size_of_get_action     (abs)        000000
__size_of_is_command     (abs)        000000
__size_of_isdigit        (abs)        000000
__size_of_isr            (abs)        000000
__size_of_main           (abs)        000000
__size_of_memset         (abs)        000000
__size_of_strchr         (abs)        000000
__size_of_strlen         (abs)        000000
__size_of_strncmp        (abs)        000000
__size_of_strstr         (abs)        000000
__smallconst             smallconst   000800
_atoi                    text4        000810
_data                    bssBIGRAM_1  0001EF
_data_received           text7        000BE0
_get_action              text1        000962
_is_command              text3        000BB4
_isdigit                 text5        000C32
_isdigit$835             cstackCOMRAM 000004
_isr                     intcode      000008
_main                    text0        000A50
_memset                  text2        000B88
_position                bssCOMRAM    00001F
_strchr                  text11       000AEE
_strlen                  text10       000B5A
_strncmp                 text9        0009DC
_strstr                  text8        0008DE
atoi@a                   cstackCOMRAM 00000E
atoi@s                   cstackCOMRAM 000009
atoi@sign                cstackCOMRAM 00000D
btemp                    temp         000020
data_received@ptr        cstackCOMRAM 000012
end_of_initialization    cinit        000AE0
get_action@str_value     cstackCOMRAM 000016
get_action@value         cstackCOMRAM 000018
int$flags                temp         000020
int_func                 intcode_body 000B24
intlevel0                text         000000
intlevel1                text         000000
intlevel2                text         000000
intlevel3                text         000000
is_command@command       cstackCOMRAM 000012
is_command@ptr           cstackCOMRAM 000014
isdigit@c                cstackCOMRAM 000005
main@action              cstackCOMRAM 00001A
memset@c                 cstackCOMRAM 000005
memset@n                 cstackCOMRAM 000007
memset@p                 cstackCOMRAM 000009
memset@p1                cstackCOMRAM 000003
stackhi                  (abs)        0007FF
stacklo                  (abs)        000400
start                    init         00000E
start_initialization     cinit        000AAA
strchr@chr               cstackCOMRAM 000005
strchr@ptr               cstackCOMRAM 000003
strlen@cp                cstackCOMRAM 000005
strlen@s                 cstackCOMRAM 000003
strncmp@len              cstackCOMRAM 00000B
strncmp@s1               cstackCOMRAM 000007
strncmp@s2               cstackCOMRAM 000009
strstr@s1                cstackCOMRAM 00000E
strstr@s2                cstackCOMRAM 000010
ttemp5                   temp         000021
ttemp6                   temp         000024
ttemp7                   temp         000028
wtemp8                   temp         000021


FUNCTION INFORMATION:

 *************** function _main *****************
 Defined at:
		line 105 in file "main.c"
 Parameters:    Size  Location     Type
		None
 Auto vars:     Size  Location     Type
  action          1   25[COMRAM] enum E5111
 Return value:  Size  Location     Type
                  1    wreg      void 
 Registers used:
		wreg, fsr2l, fsr2h, status,2, status,0, tblptrl, tblptrh, tblptru, prodl, prodh, cstack
 Tracked objects:
		On entry : 
		On exit  : 
		Unchanged: 
 Data sizes:     COMRAM   BANK0   BANK1   BANK2   BANK3   BANK4   BANK5   BANK6   BANK7
      Params:         0       0       0       0       0       0       0       0       0
      Locals:         1       0       0       0       0       0       0       0       0
      Temps:          0       0       0       0       0       0       0       0       0
      Totals:         1       0       0       0       0       0       0       0       0
Total ram usage:        1 bytes
 Hardware stack levels required when called:    5
 This function calls:
		_USART_Init
		_data_received
		_get_action
		_memset
 This function is called by:
		Startup code after reset
 This function uses a non-reentrant model


 *************** function _get_action *****************
 Defined at:
		line 143 in file "main.c"
 Parameters:    Size  Location     Type
		None
 Auto vars:     Size  Location     Type
  value           2   23[COMRAM] int 
  str_value       2   21[COMRAM] PTR unsigned char 
		 -> NULL(0), data(512), 
 Return value:  Size  Location     Type
                  1    wreg      enum E5111
 Registers used:
		wreg, fsr2l, fsr2h, status,2, status,0, tblptrl, tblptrh, tblptru, prodl, prodh, cstack
 Tracked objects:
		On entry : 
		On exit  : 
		Unchanged: 
 Data sizes:     COMRAM   BANK0   BANK1   BANK2   BANK3   BANK4   BANK5   BANK6   BANK7
      Params:         0       0       0       0       0       0       0       0       0
      Locals:         4       0       0       0       0       0       0       0       0
      Temps:          0       0       0       0       0       0       0       0       0
      Totals:         4       0       0       0       0       0       0       0       0
Total ram usage:        4 bytes
 Hardware stack levels used:    1
 Hardware stack levels required when called:    4
 This function calls:
		_atoi
		_is_command
		_memset
		_strstr
 This function is called by:
		_main
 This function uses a non-reentrant model


 *************** function _memset *****************
 Defined at:
		line 8 in file "/opt/microchip/xc8/v2.31/pic/sources/c90/common/memset.c"
 Parameters:    Size  Location     Type
  p1              2    2[COMRAM] PTR void 
		 -> data(512), 
  c               2    4[COMRAM] int 
  n               2    6[COMRAM] unsigned int 
 Auto vars:     Size  Location     Type
  p               2    8[COMRAM] PTR unsigned char 
		 -> data(512), 
 Return value:  Size  Location     Type
                  2    2[COMRAM] PTR void 
 Registers used:
		wreg, fsr2l, fsr2h, status,2, status,0
 Tracked objects:
		On entry : 
		On exit  : 
		Unchanged: 
 Data sizes:     COMRAM   BANK0   BANK1   BANK2   BANK3   BANK4   BANK5   BANK6   BANK7
      Params:         6       0       0       0       0       0       0       0       0
      Locals:         2       0       0       0       0       0       0       0       0
      Temps:          0       0       0       0       0       0       0       0       0
      Totals:         8       0       0       0       0       0       0       0       0
Total ram usage:        8 bytes
 Hardware stack levels used:    1
 Hardware stack levels required when called:    1
 This function calls:
		Nothing
 This function is called by:
		_main
		_get_action
 This function uses a non-reentrant model


 *************** function _is_command *****************
 Defined at:
		line 158 in file "main.c"
 Parameters:    Size  Location     Type
  command         2   17[COMRAM] PTR const unsigned char 
		 -> STR_1(8), 
 Auto vars:     Size  Location     Type
  ptr             2   19[COMRAM] PTR unsigned char 
		 -> NULL(0), data(512), 
 Return value:  Size  Location     Type
                  1    wreg      unsigned char 
 Registers used:
		wreg, fsr2l, fsr2h, status,2, status,0, tblptrl, tblptrh, tblptru, cstack
 Tracked objects:
		On entry : 
		On exit  : 
		Unchanged: 
 Data sizes:     COMRAM   BANK0   BANK1   BANK2   BANK3   BANK4   BANK5   BANK6   BANK7
      Params:         2       0       0       0       0       0       0       0       0
      Locals:         2       0       0       0       0       0       0       0       0
      Temps:          0       0       0       0       0       0       0       0       0
      Totals:         4       0       0       0       0       0       0       0       0
Total ram usage:        4 bytes
 Hardware stack levels used:    1
 Hardware stack levels required when called:    3
 This function calls:
		_strstr
 This function is called by:
		_get_action
 This function uses a non-reentrant model


 *************** function _atoi *****************
 Defined at:
		line 5 in file "/opt/microchip/xc8/v2.31/pic/sources/c90/common/atoi.c"
 Parameters:    Size  Location     Type
  s               2    8[COMRAM] PTR const unsigned char 
		 -> NULL(0), data(512), 
 Auto vars:     Size  Location     Type
  a               2   13[COMRAM] int 
  sign            1   12[COMRAM] unsigned char 
 Return value:  Size  Location     Type
                  2    8[COMRAM] int 
 Registers used:
		wreg, fsr2l, fsr2h, status,2, status,0, prodl, prodh, cstack
 Tracked objects:
		On entry : 
		On exit  : 
		Unchanged: 
 Data sizes:     COMRAM   BANK0   BANK1   BANK2   BANK3   BANK4   BANK5   BANK6   BANK7
      Params:         2       0       0       0       0       0       0       0       0
      Locals:         3       0       0       0       0       0       0       0       0
      Temps:          2       0       0       0       0       0       0       0       0
      Totals:         7       0       0       0       0       0       0       0       0
Total ram usage:        7 bytes
 Hardware stack levels used:    1
 Hardware stack levels required when called:    2
 This function calls:
		___wmul
		_isdigit
 This function is called by:
		_get_action
 This function uses a non-reentrant model


 *************** function _isdigit *****************
 Defined at:
		line 8 in file "/opt/microchip/xc8/v2.31/pic/sources/c90/common/isdigit.c"
 Parameters:    Size  Location     Type
  c               1    wreg     unsigned char 
 Auto vars:     Size  Location     Type
  c               1    4[COMRAM] unsigned char 
 Return value:  Size  Location     Type
		None               void
 Registers used:
		wreg, status,2, status,0
 Tracked objects:
		On entry : 
		On exit  : 
		Unchanged: 
 Data sizes:     COMRAM   BANK0   BANK1   BANK2   BANK3   BANK4   BANK5   BANK6   BANK7
      Params:         0       0       0       0       0       0       0       0       0
      Locals:         2       0       0       0       0       0       0       0       0
      Temps:          1       0       0       0       0       0       0       0       0
      Totals:         3       0       0       0       0       0       0       0       0
Total ram usage:        3 bytes
 Hardware stack levels used:    1
 Hardware stack levels required when called:    1
 This function calls:
		Nothing
 This function is called by:
		_atoi
 This function uses a non-reentrant model


 *************** function ___wmul *****************
 Defined at:
		line 15 in file "/opt/microchip/xc8/v2.31/pic/sources/c90/common/Umul16.c"
 Parameters:    Size  Location     Type
  multiplier      2    2[COMRAM] unsigned int 
  multiplicand    2    4[COMRAM] unsigned int 
 Auto vars:     Size  Location     Type
  product         2    6[COMRAM] unsigned int 
 Return value:  Size  Location     Type
                  2    2[COMRAM] unsigned int 
 Registers used:
		wreg, status,2, status,0, prodl, prodh
 Tracked objects:
		On entry : 
		On exit  : 
		Unchanged: 
 Data sizes:     COMRAM   BANK0   BANK1   BANK2   BANK3   BANK4   BANK5   BANK6   BANK7
      Params:         4       0       0       0       0       0       0       0       0
      Locals:         2       0       0       0       0       0       0       0       0
      Temps:          0       0       0       0       0       0       0       0       0
      Totals:         6       0       0       0       0       0       0       0       0
Total ram usage:        6 bytes
 Hardware stack levels used:    1
 Hardware stack levels required when called:    1
 This function calls:
		Nothing
 This function is called by:
		_atoi
 This function uses a non-reentrant model


 *************** function _data_received *****************
 Defined at:
		line 133 in file "main.c"
 Parameters:    Size  Location     Type
		None
 Auto vars:     Size  Location     Type
  ptr             2   17[COMRAM] PTR unsigned char 
		 -> NULL(0), data(512), 
 Return value:  Size  Location     Type
                  1    wreg      unsigned char 
 Registers used:
		wreg, fsr2l, fsr2h, status,2, status,0, tblptrl, tblptrh, tblptru, cstack
 Tracked objects:
		On entry : 
		On exit  : 
		Unchanged: 
 Data sizes:     COMRAM   BANK0   BANK1   BANK2   BANK3   BANK4   BANK5   BANK6   BANK7
      Params:         0       0       0       0       0       0       0       0       0
      Locals:         2       0       0       0       0       0       0       0       0
      Temps:          0       0       0       0       0       0       0       0       0
      Totals:         2       0       0       0       0       0       0       0       0
Total ram usage:        2 bytes
 Hardware stack levels used:    1
 Hardware stack levels required when called:    3
 This function calls:
		_strstr
 This function is called by:
		_main
 This function uses a non-reentrant model


 *************** function _strstr *****************
 Defined at:
		line 4 in file "/opt/microchip/xc8/v2.31/pic/sources/c90/common/strstr.c"
 Parameters:    Size  Location     Type
  s1              2   13[COMRAM] PTR const unsigned char 
		 -> NULL(0), data(512), 
  s2              2   15[COMRAM] PTR const unsigned char 
		 -> STR_3(2), STR_2(4), STR_1(8), 
 Auto vars:     Size  Location     Type
		None
 Return value:  Size  Location     Type
                  2   13[COMRAM] PTR unsigned char 
 Registers used:
		wreg, fsr2l, fsr2h, status,2, status,0, tblptrl, tblptrh, tblptru, cstack
 Tracked objects:
		On entry : 
		On exit  : 
		Unchanged: 
 Data sizes:     COMRAM   BANK0   BANK1   BANK2   BANK3   BANK4   BANK5   BANK6   BANK7
      Params:         4       0       0       0       0       0       0       0       0
      Locals:         0       0       0       0       0       0       0       0       0
      Temps:          0       0       0       0       0       0       0       0       0
      Totals:         4       0       0       0       0       0       0       0       0
Total ram usage:        4 bytes
 Hardware stack levels used:    1
 Hardware stack levels required when called:    2
 This function calls:
		_strchr
		_strlen
		_strncmp
 This function is called by:
		_data_received
		_get_action
		_is_command
 This function uses a non-reentrant model


 *************** function _strncmp *****************
 Defined at:
		line 4 in file "/opt/microchip/xc8/v2.31/pic/sources/c90/common/strncmp.c"
 Parameters:    Size  Location     Type
  s1              2    6[COMRAM] PTR const unsigned char 
		 -> NULL(0), data(512), 
  s2              2    8[COMRAM] PTR const unsigned char 
		 -> STR_3(2), STR_2(4), STR_1(8), 
  len             2   10[COMRAM] unsigned int 
 Auto vars:     Size  Location     Type
		None
 Return value:  Size  Location     Type
                  2    6[COMRAM] int 
 Registers used:
		wreg, fsr2l, fsr2h, status,2, status,0, tblptrl, tblptrh, tblptru
 Tracked objects:
		On entry : 
		On exit  : 
		Unchanged: 
 Data sizes:     COMRAM   BANK0   BANK1   BANK2   BANK3   BANK4   BANK5   BANK6   BANK7
      Params:         6       0       0       0       0       0       0       0       0
      Locals:         0       0       0       0       0       0       0       0       0
      Temps:          1       0       0       0       0       0       0       0       0
      Totals:         7       0       0       0       0       0       0       0       0
Total ram usage:        7 bytes
 Hardware stack levels used:    1
 Hardware stack levels required when called:    1
 This function calls:
		Nothing
 This function is called by:
		_strstr
 This function uses a non-reentrant model


 *************** function _strlen *****************
 Defined at:
		line 4 in file "/opt/microchip/xc8/v2.31/pic/sources/c90/common/strlen.c"
 Parameters:    Size  Location     Type
  s               2    2[COMRAM] PTR const unsigned char 
		 -> STR_3(2), STR_2(4), STR_1(8), 
 Auto vars:     Size  Location     Type
  cp              2    4[COMRAM] PTR const unsigned char 
		 -> STR_3(2), STR_2(4), STR_1(8), 
 Return value:  Size  Location     Type
                  2    2[COMRAM] unsigned int 
 Registers used:
		wreg, status,2, status,0, tblptrl, tblptrh, tblptru
 Tracked objects:
		On entry : 
		On exit  : 
		Unchanged: 
 Data sizes:     COMRAM   BANK0   BANK1   BANK2   BANK3   BANK4   BANK5   BANK6   BANK7
      Params:         2       0       0       0       0       0       0       0       0
      Locals:         2       0       0       0       0       0       0       0       0
      Temps:          0       0       0       0       0       0       0       0       0
      Totals:         4       0       0       0       0       0       0       0       0
Total ram usage:        4 bytes
 Hardware stack levels used:    1
 Hardware stack levels required when called:    1
 This function calls:
		Nothing
 This function is called by:
		_strstr
		_USART_SendString
 This function uses a non-reentrant model


 *************** function _strchr *****************
 Defined at:
		line 4 in file "/opt/microchip/xc8/v2.31/pic/sources/c90/common/strchr.c"
 Parameters:    Size  Location     Type
  ptr             2    2[COMRAM] PTR const unsigned char 
		 -> NULL(0), data(512), 
  chr             2    4[COMRAM] int 
 Auto vars:     Size  Location     Type
		None
 Return value:  Size  Location     Type
                  2    2[COMRAM] PTR unsigned char 
 Registers used:
		wreg, fsr2l, fsr2h, status,2, status,0
 Tracked objects:
		On entry : 
		On exit  : 
		Unchanged: 
 Data sizes:     COMRAM   BANK0   BANK1   BANK2   BANK3   BANK4   BANK5   BANK6   BANK7
      Params:         4       0       0       0       0       0       0       0       0
      Locals:         0       0       0       0       0       0       0       0       0
      Temps:          1       0       0       0       0       0       0       0       0
      Totals:         5       0       0       0       0       0       0       0       0
Total ram usage:        5 bytes
 Hardware stack levels used:    1
 Hardware stack levels required when called:    1
 This function calls:
		Nothing
 This function is called by:
		_strstr
 This function uses a non-reentrant model


 *************** function _USART_Init *****************
 Defined at:
		line 168 in file "main.c"
 Parameters:    Size  Location     Type
		None
 Auto vars:     Size  Location     Type
		None
 Return value:  Size  Location     Type
                  1    wreg      void 
 Registers used:
		wreg, status,2
 Tracked objects:
		On entry : 
		On exit  : 
		Unchanged: 
 Data sizes:     COMRAM   BANK0   BANK1   BANK2   BANK3   BANK4   BANK5   BANK6   BANK7
      Params:         0       0       0       0       0       0       0       0       0
      Locals:         0       0       0       0       0       0       0       0       0
      Temps:          0       0       0       0       0       0       0       0       0
      Totals:         0       0       0       0       0       0       0       0       0
Total ram usage:        0 bytes
 Hardware stack levels used:    1
 Hardware stack levels required when called:    1
 This function calls:
		Nothing
 This function is called by:
		_main
 This function uses a non-reentrant model


 *************** function _isr *****************
 Defined at:
		line 183 in file "main.c"
 Parameters:    Size  Location     Type
		None
 Auto vars:     Size  Location     Type
		None
 Return value:  Size  Location     Type
                  1    wreg      void 
 Registers used:
		wreg, fsr2l, fsr2h, status,2, status,0
 Tracked objects:
		On entry : 
		On exit  : 
		Unchanged: 
 Data sizes:     COMRAM   BANK0   BANK1   BANK2   BANK3   BANK4   BANK5   BANK6   BANK7
      Params:         0       0       0       0       0       0       0       0       0
      Locals:         0       0       0       0       0       0       0       0       0
      Temps:          2       0       0       0       0       0       0       0       0
      Totals:         2       0       0       0       0       0       0       0       0
Total ram usage:        2 bytes
 Hardware stack levels used:    1
 This function calls:
		Nothing
 This function is called by:
		Interrupt level 2
 This function uses a non-reentrant model



MODULE INFORMATION

Module		Function		Class		Link	Load	Size
/opt/microchip/xc8/v2.31/pic/sources/c90/common/strncmp.c
		_strncmp       		CODE           	09DC	0000	116

/opt/microchip/xc8/v2.31/pic/sources/c90/common/strncmp.c estimated size: 116

/opt/microchip/xc8/v2.31/pic/sources/c90/common/atoi.c
		_atoi          		CODE           	0810	0000	206

/opt/microchip/xc8/v2.31/pic/sources/c90/common/atoi.c estimated size: 206

/opt/microchip/xc8/v2.31/pic/sources/c90/common/strlen.c
		_strlen        		CODE           	0B5A	0000	46

/opt/microchip/xc8/v2.31/pic/sources/c90/common/strlen.c estimated size: 46

/opt/microchip/xc8/v2.31/pic/sources/c90/common/strchr.c
		_strchr        		CODE           	0AEE	0000	54

/opt/microchip/xc8/v2.31/pic/sources/c90/common/strchr.c estimated size: 54

/opt/microchip/xc8/v2.31/pic/sources/c90/common/memset.c
		_memset        		CODE           	0B88	0000	44

/opt/microchip/xc8/v2.31/pic/sources/c90/common/memset.c estimated size: 44

/opt/microchip/xc8/v2.31/pic/sources/c90/common/isdigit.c
		_isdigit       		CODE           	0C32	0000	30

/opt/microchip/xc8/v2.31/pic/sources/c90/common/isdigit.c estimated size: 30

shared
		__initialization		CODE           	0AAA	0000	54

shared estimated size: 54

/opt/microchip/xc8/v2.31/pic/sources/c90/common/strstr.c
		_strstr        		CODE           	08DE	0000	132

/opt/microchip/xc8/v2.31/pic/sources/c90/common/strstr.c estimated size: 132

/opt/microchip/xc8/v2.31/pic/sources/c90/common/Umul16.c
		___wmul        		CODE           	0C0C	0000	38

/opt/microchip/xc8/v2.31/pic/sources/c90/common/Umul16.c estimated size: 38

main.c
		_get_action    		CODE           	0962	0000	122
		_main          		CODE           	0A50	0000	90
		_isr           		CODE           	0008	0000	60
		_data_received 		CODE           	0BE0	0000	44
		_is_command    		CODE           	0BB4	0000	44
		_USART_Init    		CODE           	0C50	0000	26

main.c estimated size: 386

