Microchip MPLAB XC8 Compiler V2.31

Linker command line:

-W-3 --edf=/opt/microchip/xc8/v2.31/pic/dat/en_msgs.txt -cn \
  -h+dist/default/debug/DHT11Project.X.debug.sym \
  --cmf=dist/default/debug/DHT11Project.X.debug.cmf -z -Q18F4553 \
  -o/tmp/xcXdjpcHp --defsym=__MPLAB_BUILD=1 \
  -Mdist/default/debug/DHT11Project.X.debug.map -E1 -ver=XC8 Compiler \
  --acfsm=1493 -ASTACK=0400h-07FFh -pstack=STACK -ACODE=00h-07DBFh \
  -ACONST=00h-07DBFh -ASMALLCONST=0800h-08FFhx117,07D00h-07DBFh \
  -AMEDIUMCONST=0800h-07DBFh -ACOMRAM=01h-05Fh -AABS1=00h-03F3h,0400h-07FFh \
  -ABIGRAM=01h-03F3h,0400h-07FFh \
  -ARAM=060h-0FFh,0100h-01FFhx2,0300h-03F3h,0400h-04FFhx4 -ABANK0=060h-0FFh \
  -ABANK1=0100h-01FFh -ABANK2=0200h-02FFh -ABANK3=0300h-03F3h \
  -ABANK4=0400h-04FFh -ABANK5=0500h-05FFh -ABANK6=0600h-06FFh \
  -ABANK7=0700h-07FFh \
  -ASFR=0F60h-0F9Bh,0F9Dh-0FD3h,0FD5h-0FDAh,0FE0h-0FE2h,0FE8h-0FEAh,0FF0h-0FFCh \
  -ACONFIG=0300000h-030000Dh -AIDLOC=0200000h-0200007h \
  -AEEDATA=0F00000h-0F000FFh -peeprom_data=EEDATA \
  -preset_vec=00h,intcode=08h,intcodelo,powerup,init -pramtop=0800h \
  -psmallconst=SMALLCONST -pmediumconst=MEDIUMCONST -pconst=CONST \
  -AFARRAM=00h-00h \
  -prdata=COMRAM,nvrram=COMRAM,nvbit=COMRAM,rbss=COMRAM,rbit=COMRAM \
  -pfarbss=FARRAM,fardata=FARRAM,nvFARRAM=FARRAM \
  -pintsave_regs=BIGRAM,bigbss=BIGRAM,bigdata=BIGRAM -pbss=RAM \
  -pidata=CODE,irdata=CODE,ibigdata=CODE,ifardata=CODE -prparam=COMRAM \
  /tmp/xcXdccnGc.o dist/default/debug/DHT11Project.X.debug.o 

Object code version is 3.11

Machine type is 18F4553



                Name                               Link     Load   Length Selector   Space Scale
/tmp/xcXdccnGc.o
                idloc                            200000   200000        8        0       5
                config                           300000   300000        E        0       4
                init                                  E        E        4        4       0
                reset_vec                             0        0        4        0       0
dist/default/debug/DHT11Project.X.debug.o
                intcode                               8        8        6        4       0
                idloc                            200000   200000        8        0       5
                config                           300000   300000        E        0       4
                temp                                 5D       5D        1        1       1
                smallconst                          800      800       28      400       0
                intcode_body                       1B58     1B58       4C      414       0
                text28                             1D82     1D82       1A      414       0
                text27                             1B0C     1B0C       4C      414       0
                text26                             1ABE     1ABE       4E      414       0
                text25                             14F6     14F6       D6      414       0
                text24                             1758     1758       C0      414       0
                text23                             1D24     1D24       38      414       0
                text22                             1D9C     1D9C       16      414       0
                text21                             1BEA     1BEA       46      414       0
                text20                             1BA4     1BA4       46      414       0
                text19                             121C     121C      176      414       0
                text18                             1094     1094      188      414       0
                text17                             1392     1392      164      414       0
                text16                             1C74     1C74       40      414       0
                text15                             1DB6     1DB6        2      414       0
                text14                             15CC     15CC       CA      414       0
                text13                             1C30     1C30       44      414       0
                text12                             1696     1696       C2      414       0
                text11                              828      828      2DE      414       0
                text10                              D56      D56      1B4      414       0
                text9                              195A     195A       62      414       0
                text8                              1A6C     1A6C       52      414       0
                text7                               B06      B06      250      414       0
                text6                              1D5C     1D5C       26      414       0
                text5                              1CEC     1CEC       38      414       0
                text4                              1A1A     1A1A       52      414       0
                text3                               F0A      F0A      18A      414       0
                text2                              1CB4     1CB4       38      414       0
                text1                              18CA     18CA       90      414       0
                text0                              1818     1818       B2      414       0
                cstackCOMRAM                          1        1       5A        1       1
                cstackBANK0                          B9       B9       20       60       1
                bssBIGRAM_1                         150      150      200      150       1
                bssBANK1                            100      100       50      100       1
                dataBANK0                            D9       D9        4       60       1
                bssBANK0                             60       60       59       60       1
                bssCOMRAM                            5B       5B        2        1       1
                cinit                              19BC     19BC       5E      414       0
                idataBANK0                         1DB2     1DB2        4      414       0

TOTAL           Name                               Link     Load   Length     Space
        CLASS   STACK          

        CLASS   CODE           
                intcode                               8        8        6         0
                init                                  E        E        4         0
                reset_vec                             0        0        4         0
                intcode_body                       1B58     1B58       4C         0
                text28                             1D82     1D82       1A         0
                text27                             1B0C     1B0C       4C         0
                text26                             1ABE     1ABE       4E         0
                text25                             14F6     14F6       D6         0
                text24                             1758     1758       C0         0
                text23                             1D24     1D24       38         0
                text22                             1D9C     1D9C       16         0
                text21                             1BEA     1BEA       46         0
                text20                             1BA4     1BA4       46         0
                text19                             121C     121C      176         0
                text18                             1094     1094      188         0
                text17                             1392     1392      164         0
                text16                             1C74     1C74       40         0
                text15                             1DB6     1DB6        2         0
                text14                             15CC     15CC       CA         0
                text13                             1C30     1C30       44         0
                text12                             1696     1696       C2         0
                text11                              828      828      2DE         0
                text10                              D56      D56      1B4         0
                text9                              195A     195A       62         0
                text8                              1A6C     1A6C       52         0
                text7                               B06      B06      250         0
                text6                              1D5C     1D5C       26         0
                text5                              1CEC     1CEC       38         0
                text4                              1A1A     1A1A       52         0
                text3                               F0A      F0A      18A         0
                text2                              1CB4     1CB4       38         0
                text1                              18CA     18CA       90         0
                text0                              1818     1818       B2         0
                cinit                              19BC     19BC       5E         0
                idataBANK0                         1DB2     1DB2        4         0

        CLASS   CONST          

        CLASS   SMALLCONST     
                smallconst                          800      800       28         0

        CLASS   MEDIUMCONST    

        CLASS   COMRAM         
                temp                                 5D       5D        1         1
                cstackCOMRAM                          1        1       5A         1
                bssCOMRAM                            5B       5B        2         1

        CLASS   ABS1           

        CLASS   BIGRAM         
                bssBIGRAM_1                         150      150      200         1

        CLASS   RAM            

        CLASS   BANK0          
                cstackBANK0                          B9       B9       20         1
                dataBANK0                            D9       D9        4         1
                bssBANK0                             60       60       59         1

        CLASS   BANK1          
                bssBANK1                            100      100       50         1

        CLASS   BANK2          

        CLASS   BANK3          

        CLASS   BANK4          

        CLASS   BANK5          

        CLASS   BANK6          

        CLASS   BANK7          

        CLASS   SFR            

        CLASS   CONFIG         
                config                           300000   300000        E         4

        CLASS   IDLOC          
                idloc                            200000   200000        8         5

        CLASS   EEDATA         

        CLASS   FARRAM         



SEGMENTS        Name                           Load    Length   Top    Selector   Space  Class

                bssBANK0                       000060  00007D  0000DD        60       1  BANK0   
                reset_vec                      000000  000004  000004         0       0  CODE    
                text11                         000828  001590  001DB8       414       0  CODE    
                bssBANK1                       000100  000050  000150       100       1  BANK1   
                bssBIGRAM_1                    000150  000200  000350       150       1  BIGRAM  
                cstackCOMRAM                   000001  00005D  00005E         1       1  COMRAM  
                intcode                        000008  00000A  000012         4       0  CODE    
                smallconst                     000800  000028  000828       400       0  SMALLCON


UNUSED ADDRESS RANGES

        Name                Unused          Largest block    Delta
        BANK0            0000DD-0000FF               23
        BANK3            000350-0003F3               A4
        BANK4            000400-0004FF              100
        BANK5            000500-0005FF              100
        BANK6            000600-0006FF              100
        BANK7            000700-0007FF              100
        BIGRAM           00005E-00005F                2
                         0000DD-0000FF               23
                         000350-0003F3               A4
                         000400-0007FF              400
        CODE             000004-000007                4
                         000012-0007FF              7EE
                         001DB8-007DBF             6008
        COMRAM           00005E-00005F                2
        CONST            000004-000007                4
                         000012-0007FF              7EE
                         001DB8-007DBF             6008
        EEDATA           F00000-F000FF              100
        MEDIUMCONST      001DB8-007DBF             6008
        RAM              0000DD-0000FF               23
                         000350-0003F3               A4
                         000400-0007FF              100
        SFR              000F60-000F9B               3C
                         000F9D-000FD3               37
                         000FD5-000FDA                6
                         000FE0-000FE2                3
                         000FE8-000FEA                3
                         000FF0-000FFC                D
        SMALLCONST       001DB8-007DBF              100
        STACK            000400-0007FF              400

                                  Symbol Table

?___aodiv                  cstackCOMRAM 000003
?___aomod                  cstackCOMRAM 000003
?___wmul                   cstackCOMRAM 000003
?_abs                      cstackCOMRAM 000015
?_atoi                     cstackCOMRAM 00000A
?_dht_read_bit             cstackCOMRAM 000003
?_dtoa                     cstackCOMRAM 00001E
?_isdigit                  cstackCOMRAM 000003
?_isspace                  cstackCOMRAM 000003
?_pad                      cstackCOMRAM 000013
?_sprintf                  cstackBANK0  0000B9
?_strchr                   cstackCOMRAM 000003
?_strlen                   cstackCOMRAM 000003
?_strncmp                  cstackCOMRAM 000003
?_strstr                   cstackCOMRAM 00000E
?_vfpfcnvrt                cstackCOMRAM 000042
?_vfprintf                 cstackCOMRAM 000052
USART_SendChar@data        cstackCOMRAM 000003
USART_SendString@data      cstackCOMRAM 000007
USART_SendString@index     cstackCOMRAM 00000B
_CREN                      (abs)        007D5C
_INTCONbits                (abs)        000FF2
_LATD                      (abs)        000F8C
_LATDbits                  (abs)        000F8C
_PIE1bits                  (abs)        000F9D
_PORTDbits                 (abs)        000F83
_RCIF                      (abs)        007CF5
_RCREG                     (abs)        000FAE
_RCSTAbits                 (abs)        000FAB
_SPBRG                     (abs)        000FAF
_TRISC6                    (abs)        007CA6
_TRISC7                    (abs)        007CA7
_TRISD                     (abs)        000F95
_TXIF                      (abs)        007CF4
_TXREG                     (abs)        000FAD
_TXSTAbits                 (abs)        000FAC
_USART_Init                text28       001D82
_USART_SendChar            text22       001D9C
_USART_SendString          text21       001BEA
__HRAM                     (abs)        000000
__Habs1                    abs1         000000
__Hbank0                   bank0        000000
__Hbank1                   bank1        000000
__Hbank2                   bank2        000000
__Hbank3                   bank3        000000
__Hbank4                   bank4        000000
__Hbank5                   bank5        000000
__Hbank6                   bank6        000000
__Hbank7                   bank7        000000
__Hbigbss                  bigbss       000000
__Hbigdata                 bigdata      000000
__Hbigram                  bigram       000000
__Hbss                     bss          000000
__HbssBANK0                bssBANK0     000000
__HbssBANK1                bssBANK1     000000
__HbssBIGRAM_1             bssBIGRAM_1  000000
__HbssCOMRAM               bssCOMRAM    000000
__Hcinit                   cinit        000000
__Hclrtext                 clrtext      000000
__Hcomram                  comram       000000
__Hconfig                  config       30000E
__Hconst                   const        000000
__HcstackBANK0             cstackBANK0  000000
__HcstackCOMRAM            cstackCOMRAM 000000
__Hdata                    data         000000
__HdataBANK0               dataBANK0    000000
__Heeprom_data             eeprom_data  000000
__Hfarbss                  farbss       000000
__Hfardata                 fardata      000000
__Hibigdata                ibigdata     000000
__Hidata                   idata        000000
__HidataBANK0              idataBANK0   000000
__Hidloc                   idloc        200008
__Hifardata                ifardata     000000
__Hinit                    init         000012
__Hintcode                 intcode      00000E
__Hintcode_body            intcode_body 000000
__Hintcodelo               intcodelo    00000E
__Hintentry                intentry     000000
__Hintret                  intret       000000
__Hintsave_regs            intsave_regs 000000
__Hirdata                  irdata       000000
__Hmediumconst             mediumconst  000000
__HnvFARRAM                nvFARRAM     000000
__Hnvbit                   nvbit        000000
__Hnvrram                  nvrram       000000
__Hparam                   rparam       000000
__Hpowerup                 powerup      00000E
__Hram                     ram          000000
__Hramtop                  ramtop       000800
__Hrbit                    rbit         000000
__Hrbss                    rbss         000000
__Hrdata                   rdata        000000
__Hreset_vec               reset_vec    000004
__Hrparam                  rparam       000000
__Hsfr                     sfr          000000
__Hsmallconst              smallconst   000828
__Hspace_0                 (abs)        001DB8
__Hspace_1                 (abs)        000350
__Hspace_2                 (abs)        000000
__Hspace_4                 (abs)        60000E
__Hstack                   stack        000000
__Hstruct                  struct       000000
__Htemp                    temp         00005E
__Htext                    text         000000
__Htext0                   text0        000000
__Htext1                   text1        000000
__Htext10                  text10       000000
__Htext11                  text11       000000
__Htext12                  text12       000000
__Htext13                  text13       000000
__Htext14                  text14       000000
__Htext15                  text15       000000
__Htext16                  text16       000000
__Htext17                  text17       000000
__Htext18                  text18       000000
__Htext19                  text19       000000
__Htext2                   text2        000000
__Htext20                  text20       000000
__Htext21                  text21       000000
__Htext22                  text22       000000
__Htext23                  text23       000000
__Htext24                  text24       000000
__Htext25                  text25       000000
__Htext26                  text26       000000
__Htext27                  text27       000000
__Htext28                  text28       000000
__Htext3                   text3        000000
__Htext4                   text4        000000
__Htext5                   text5        000000
__Htext6                   text6        000000
__Htext7                   text7        000000
__Htext8                   text8        000000
__Htext9                   text9        000000
__LRAM                     (abs)        000001
__Labs1                    abs1         000000
__Lbank0                   bank0        000000
__Lbank1                   bank1        000000
__Lbank2                   bank2        000000
__Lbank3                   bank3        000000
__Lbank4                   bank4        000000
__Lbank5                   bank5        000000
__Lbank6                   bank6        000000
__Lbank7                   bank7        000000
__Lbigbss                  bigbss       000000
__Lbigdata                 bigdata      000000
__Lbigram                  bigram       000000
__Lbss                     bss          000000
__LbssBANK0                bssBANK0     000000
__LbssBANK1                bssBANK1     000000
__LbssBIGRAM_1             bssBIGRAM_1  000000
__LbssCOMRAM               bssCOMRAM    000000
__Lcinit                   cinit        000000
__Lclrtext                 clrtext      000000
__Lcomram                  comram       000000
__Lconfig                  config       000000
__Lconst                   const        000000
__LcstackBANK0             cstackBANK0  000000
__LcstackCOMRAM            cstackCOMRAM 000000
__Ldata                    data         000000
__LdataBANK0               dataBANK0    000000
__Leeprom_data             eeprom_data  000000
__Lfarbss                  farbss       000000
__Lfardata                 fardata      000000
__Libigdata                ibigdata     000000
__Lidata                   idata        000000
__LidataBANK0              idataBANK0   000000
__Lidloc                   idloc        000000
__Lifardata                ifardata     000000
__Linit                    init         00000E
__Lintcode                 intcode      000008
__Lintcode_body            intcode_body 000000
__Lintcodelo               intcodelo    00000E
__Lintentry                intentry     000000
__Lintret                  intret       000000
__Lintsave_regs            intsave_regs 000000
__Lirdata                  irdata       000000
__Lmediumconst             mediumconst  000000
__LnvFARRAM                nvFARRAM     000000
__Lnvbit                   nvbit        000000
__Lnvrram                  nvrram       000000
__Lparam                   rparam       000000
__Lpowerup                 powerup      00000E
__Lram                     ram          000000
__Lramtop                  ramtop       000800
__Lrbit                    rbit         000000
__Lrbss                    rbss         000000
__Lrdata                   rdata        000000
__Lreset_vec               reset_vec    000000
__Lrparam                  rparam       000000
__Lsfr                     sfr          000000
__Lsmallconst              smallconst   000800
__Lspace_0                 (abs)        000000
__Lspace_1                 (abs)        000000
__Lspace_2                 (abs)        000000
__Lspace_4                 (abs)        000000
__Lstack                   stack        000000
__Lstruct                  struct       000000
__Ltemp                    temp         00005D
__Ltext                    text         000000
__Ltext0                   text0        000000
__Ltext1                   text1        000000
__Ltext10                  text10       000000
__Ltext11                  text11       000000
__Ltext12                  text12       000000
__Ltext13                  text13       000000
__Ltext14                  text14       000000
__Ltext15                  text15       000000
__Ltext16                  text16       000000
__Ltext17                  text17       000000
__Ltext18                  text18       000000
__Ltext19                  text19       000000
__Ltext2                   text2        000000
__Ltext20                  text20       000000
__Ltext21                  text21       000000
__Ltext22                  text22       000000
__Ltext23                  text23       000000
__Ltext24                  text24       000000
__Ltext25                  text25       000000
__Ltext26                  text26       000000
__Ltext27                  text27       000000
__Ltext28                  text28       000000
__Ltext3                   text3        000000
__Ltext4                   text4        000000
__Ltext5                   text5        000000
__Ltext6                   text6        000000
__Ltext7                   text7        000000
__Ltext8                   text8        000000
__Ltext9                   text9        000000
__S0                       (abs)        001DB8
__S1                       (abs)        000350
__S2                       (abs)        000000
__S4                       (abs)        000000
__S5                       (abs)        000000
___aodiv                   text18       001094
___aodiv@counter           cstackCOMRAM 000013
___aodiv@dividend          cstackCOMRAM 000003
___aodiv@divisor           cstackCOMRAM 00000B
___aodiv@quotient          cstackCOMRAM 000015
___aodiv@sign              cstackCOMRAM 000014
___aomod                   text17       001392
___aomod@counter           cstackCOMRAM 000013
___aomod@dividend          cstackCOMRAM 000003
___aomod@divisor           cstackCOMRAM 00000B
___aomod@sign              cstackCOMRAM 000014
___inthi_sp                stack        000000
___intlo_sp                stack        000000
___param_bank              (abs)        000000
___rparam_used             (abs)        000001
___sp                      stack        000000
___wmul                    text6        001D5C
___wmul@multiplicand       cstackCOMRAM 000005
___wmul@multiplier         cstackCOMRAM 000003
___wmul@product            cstackCOMRAM 000007
__accesstop                (abs)        000060
__activetblptr             (abs)        000002
__end_of_USART_Init        text28       001D9C
__end_of_USART_SendChar    text22       001DB2
__end_of_USART_SendString  text21       001C30
__end_of___aodiv           text18       00121C
__end_of___aomod           text17       0014F6
__end_of___wmul            text6        001D82
__end_of__initialization   cinit        001A0C
__end_of_abs               text16       001CB4
__end_of_atoi              text3        001094
__end_of_data_received     text23       001D5C
__end_of_dht_read          text7        000D56
__end_of_dht_read_bit      text20       001BEA
__end_of_dtoa              text11       000B06
__end_of_fputc             text14       001696
__end_of_fputs             text13       001C74
__end_of_get_action        text1        00195A
__end_of_is_command        text2        001CEC
__end_of_isdigit           text5        001D24
__end_of_isr               intcode_body 001BA4
__end_of_isspace           text4        001A6C
__end_of_main              text0        0018CA
__end_of_memset            text19       001392
__end_of_pad               text12       001758
__end_of_putch             text15       001DB8
__end_of_sprintf           text8        001ABE
__end_of_strchr            text27       001B58
__end_of_strlen            text26       001B0C
__end_of_strncmp           text25       0015CC
__end_of_strstr            text24       001818
__end_of_vfpfcnvrt         text10       000F0A
__end_of_vfprintf          text9        0019BC
__initialization           cinit        0019BC
__mediumconst              mediumconst  000000
__pbssBANK0                bssBANK0     000060
__pbssBANK1                bssBANK1     000100
__pbssBIGRAM_1             bssBIGRAM_1  000150
__pbssCOMRAM               bssCOMRAM    00005B
__pcinit                   cinit        0019BC
__pcstackBANK0             cstackBANK0  0000B9
__pcstackCOMRAM            cstackCOMRAM 000001
__pdataBANK0               dataBANK0    0000D9
__pidataBANK0              idataBANK0   001DB2
__pintcode                 intcode      000008
__pintcode_body            intcode_body 001B58
__psmallconst              smallconst   000800
__ptext0                   text0        001818
__ptext1                   text1        0018CA
__ptext10                  text10       000D56
__ptext11                  text11       000828
__ptext12                  text12       001696
__ptext13                  text13       001C30
__ptext14                  text14       0015CC
__ptext15                  text15       001DB6
__ptext16                  text16       001C74
__ptext17                  text17       001392
__ptext18                  text18       001094
__ptext19                  text19       00121C
__ptext2                   text2        001CB4
__ptext20                  text20       001BA4
__ptext21                  text21       001BEA
__ptext22                  text22       001D9C
__ptext23                  text23       001D24
__ptext24                  text24       001758
__ptext25                  text25       0014F6
__ptext26                  text26       001ABE
__ptext27                  text27       001B0C
__ptext28                  text28       001D82
__ptext3                   text3        000F0A
__ptext4                   text4        001A1A
__ptext5                   text5        001CEC
__ptext6                   text6        001D5C
__ptext7                   text7        000B06
__ptext8                   text8        001A6C
__ptext9                   text9        00195A
__ramtop                   ramtop       000800
__size_of_USART_Init       (abs)        000000
__size_of_USART_SendChar   (abs)        000000
__size_of_USART_SendString (abs)        000000
__size_of___aodiv          (abs)        000000
__size_of___aomod          (abs)        000000
__size_of___wmul           (abs)        000000
__size_of_abs              (abs)        000000
__size_of_atoi             (abs)        000000
__size_of_data_received    (abs)        000000
__size_of_dht_read         (abs)        000000
__size_of_dht_read_bit     (abs)        000000
__size_of_dtoa             (abs)        000000
__size_of_fputc            (abs)        000000
__size_of_fputs            (abs)        000000
__size_of_get_action       (abs)        000000
__size_of_is_command       (abs)        000000
__size_of_isdigit          (abs)        000000
__size_of_isr              (abs)        000000
__size_of_isspace          (abs)        000000
__size_of_main             (abs)        000000
__size_of_memset           (abs)        000000
__size_of_pad              (abs)        000000
__size_of_putch            (abs)        000000
__size_of_sprintf          (abs)        000000
__size_of_strchr           (abs)        000000
__size_of_strlen           (abs)        000000
__size_of_strncmp          (abs)        000000
__size_of_strstr           (abs)        000000
__size_of_vfpfcnvrt        (abs)        000000
__size_of_vfprintf         (abs)        000000
__smallconst               smallconst   000800
_abs                       text16       001C74
_atoi                      text3        000F0A
_atoi$928                  cstackCOMRAM 000012
_atoi$929                  cstackCOMRAM 000016
_atoi$930                  cstackCOMRAM 000014
_data_in                   bssBIGRAM_1  000150
_data_out                  bssBANK0     000067
_data_received             text23       001D24
_dbuf                      bssBANK0     000099
_dht_raw_data              bssBANK1     000100
_dht_read                  text7        000B06
_dht_read_bit              text20       001BA4
_dtoa                      text11       000828
_dtoa$1026                 cstackCOMRAM 000030
_flags                     bssCOMRAM    00005B
_fputc                     text14       0015CC
_fputs                     text13       001C30
_get_action                text1        0018CA
_is_command                text2        001CB4
_isdigit                   text5        001CEC
_isr                       intcode      000008
_isspace                   text4        001A1A
_isspace$946               cstackCOMRAM 000009
_main                      text0        001818
_memset                    text19       00121C
_nout                      bssBANK0     000060
_pad                       text12       001696
_position                  bssBANK0     000066
_prec                      bssBANK0     000064
_putch                     text15       001DB6
_sprintf                   text8        001A6C
_strchr                    text27       001B0C
_strlen                    text26       001ABE
_strncmp                   text25       0014F6
_strstr                    text24       001758
_vfpfcnvrt                 text10       000D56
_vfprintf                  text9        00195A
_width                     bssBANK0     000062
abs@a                      cstackCOMRAM 000015
atoi@n                     cstackCOMRAM 000017
atoi@neg                   cstackCOMRAM 000010
atoi@s                     cstackCOMRAM 00000A
btemp                      temp         00005D
data_received@ptr          cstackCOMRAM 000014
dht_read@bit_index         cstackBANK0  0000D5
dht_read@bit_position      cstackBANK0  0000D0
dht_read@index             cstackBANK0  0000D2
dht_read@mask              cstackBANK0  0000D3
dht_read@relative_humidity cstackBANK0  0000CC
dht_read@temperature       cstackBANK0  0000CE
dtoa@d                     cstackCOMRAM 000020
dtoa@fp                    cstackCOMRAM 00001E
dtoa@i                     cstackCOMRAM 000040
dtoa@n                     cstackCOMRAM 000038
dtoa@p                     cstackCOMRAM 000032
dtoa@s                     cstackCOMRAM 000036
dtoa@w                     cstackCOMRAM 000034
end_of_initialization      cinit        001A0C
fputc@c                    cstackCOMRAM 000003
fputc@fp                   cstackCOMRAM 000005
fputs@c                    cstackCOMRAM 000010
fputs@fp                   cstackCOMRAM 00000E
fputs@i                    cstackCOMRAM 000011
fputs@s                    cstackCOMRAM 00000C
get_action@str_value       cstackCOMRAM 000019
get_action@value           cstackCOMRAM 00001B
int$flags                  temp         00005D
int_func                   intcode_body 001B58
intlevel0                  text         000000
intlevel1                  text         000000
intlevel2                  text         000000
intlevel3                  text         000000
is_command@command         cstackCOMRAM 000014
is_command@ptr             cstackCOMRAM 000016
isdigit@c                  cstackCOMRAM 000003
isspace@c                  cstackCOMRAM 000003
main@action                cstackCOMRAM 00005A
memset@c                   cstackCOMRAM 000005
memset@dest                cstackCOMRAM 000003
memset@k                   cstackCOMRAM 00000B
memset@n                   cstackCOMRAM 000007
memset@s                   cstackCOMRAM 00000D
pad@buf                    cstackCOMRAM 000015
pad@fp                     cstackCOMRAM 000013
pad@i                      cstackCOMRAM 00001A
pad@p                      cstackCOMRAM 000017
pad@w                      cstackCOMRAM 00001C
sprintf@ap                 cstackBANK0  0000C1
sprintf@f                  cstackBANK0  0000C3
sprintf@fmt                cstackBANK0  0000BB
sprintf@s                  cstackBANK0  0000B9
stackhi                    (abs)        0007FF
stacklo                    (abs)        000400
start                      init         00000E
start_initialization       cinit        0019BC
strchr@c                   cstackCOMRAM 000005
strchr@s                   cstackCOMRAM 000003
strlen@a                   cstackCOMRAM 000005
strlen@s                   cstackCOMRAM 000003
strncmp@_l                 cstackCOMRAM 000003
strncmp@_r                 cstackCOMRAM 000005
strncmp@l                  cstackCOMRAM 00000A
strncmp@n                  cstackCOMRAM 000007
strncmp@r                  cstackCOMRAM 00000C
strstr@h                   cstackCOMRAM 00000E
strstr@n                   cstackCOMRAM 000010
strstr@nl                  cstackCOMRAM 000012
ttemp5                     temp         00005E
ttemp6                     temp         000061
ttemp7                     temp         000065
vfpfcnvrt@ap               cstackCOMRAM 000046
vfpfcnvrt@fmt              cstackCOMRAM 000044
vfpfcnvrt@fp               cstackCOMRAM 000042
vfpfcnvrt@ll               cstackCOMRAM 00004A
vfprintf@ap                cstackCOMRAM 000056
vfprintf@cfmt              cstackCOMRAM 000058
vfprintf@fmt               cstackCOMRAM 000054
vfprintf@fp                cstackCOMRAM 000052
wtemp8                     temp         00005E


FUNCTION INFORMATION:

 *************** function _main *****************
 Defined at:
		line 113 in file "main.c"
 Parameters:    Size  Location     Type
		None
 Auto vars:     Size  Location     Type
  action          1   89[COMRAM] enum E3677
 Return value:  Size  Location     Type
                  1    wreg      void 
 Registers used:
		wreg, fsr1l, fsr1h, fsr2l, fsr2h, status,2, status,0, tblptrl, tblptrh, tblptru, prodl, prodh, cstack
 Tracked objects:
		On entry : 
		On exit  : 
		Unchanged: 
 Data sizes:     COMRAM   BANK0   BANK1   BANK2   BANK3   BANK4   BANK5   BANK6   BANK7
      Params:         0       0       0       0       0       0       0       0       0
      Locals:         1       0       0       0       0       0       0       0       0
      Temps:          0       2       0       0       0       0       0       0       0
      Totals:         1       2       0       0       0       0       0       0       0
Total ram usage:        3 bytes
 Hardware stack levels required when called:   10
 This function calls:
		_USART_Init
		_data_received
		_dht_read
		_get_action
		_memset
 This function is called by:
		Startup code after reset
 This function uses a non-reentrant model


 *************** function _get_action *****************
 Defined at:
		line 217 in file "main.c"
 Parameters:    Size  Location     Type
		None
 Auto vars:     Size  Location     Type
  value           2   26[COMRAM] int 
  str_value       2   24[COMRAM] PTR unsigned char 
		 -> NULL(0), data_in(512), 
 Return value:  Size  Location     Type
                  1    wreg      enum E3677
 Registers used:
		wreg, fsr1l, fsr1h, fsr2l, fsr2h, status,2, status,0, tblptrl, tblptrh, tblptru, prodl, prodh, cstack
 Tracked objects:
		On entry : 
		On exit  : 
		Unchanged: 
 Data sizes:     COMRAM   BANK0   BANK1   BANK2   BANK3   BANK4   BANK5   BANK6   BANK7
      Params:         0       0       0       0       0       0       0       0       0
      Locals:         4       0       0       0       0       0       0       0       0
      Temps:          0       0       0       0       0       0       0       0       0
      Totals:         4       0       0       0       0       0       0       0       0
Total ram usage:        4 bytes
 Hardware stack levels used:    1
 Hardware stack levels required when called:    4
 This function calls:
		_atoi
		_is_command
		_memset
		_strstr
 This function is called by:
		_main
 This function uses a non-reentrant model


 *************** function _is_command *****************
 Defined at:
		line 232 in file "main.c"
 Parameters:    Size  Location     Type
  command         2   19[COMRAM] PTR const unsigned char 
		 -> STR_1(8), 
 Auto vars:     Size  Location     Type
  ptr             2   21[COMRAM] PTR unsigned char 
		 -> NULL(0), data_in(512), 
 Return value:  Size  Location     Type
                  1    wreg      _Bool 
 Registers used:
		wreg, fsr1l, fsr1h, fsr2l, fsr2h, status,2, status,0, tblptrl, tblptrh, tblptru, cstack
 Tracked objects:
		On entry : 
		On exit  : 
		Unchanged: 
 Data sizes:     COMRAM   BANK0   BANK1   BANK2   BANK3   BANK4   BANK5   BANK6   BANK7
      Params:         2       0       0       0       0       0       0       0       0
      Locals:         2       0       0       0       0       0       0       0       0
      Temps:          0       0       0       0       0       0       0       0       0
      Totals:         4       0       0       0       0       0       0       0       0
Total ram usage:        4 bytes
 Hardware stack levels used:    1
 Hardware stack levels required when called:    3
 This function calls:
		_strstr
 This function is called by:
		_get_action
 This function uses a non-reentrant model


 *************** function _atoi *****************
 Defined at:
		line 4 in file "/opt/microchip/xc8/v2.31/pic/sources/c99/common/atoi.c"
 Parameters:    Size  Location     Type
  s               2    9[COMRAM] PTR const unsigned char 
		 -> NULL(0), data_in(512), 
 Auto vars:     Size  Location     Type
  n               2   22[COMRAM] int 
  neg             2   15[COMRAM] int 
 Return value:  Size  Location     Type
                  2    9[COMRAM] int 
 Registers used:
		wreg, fsr2l, fsr2h, status,2, status,0, prodl, prodh, cstack
 Tracked objects:
		On entry : 
		On exit  : 
		Unchanged: 
 Data sizes:     COMRAM   BANK0   BANK1   BANK2   BANK3   BANK4   BANK5   BANK6   BANK7
      Params:         2       0       0       0       0       0       0       0       0
      Locals:         9       0       0       0       0       0       0       0       0
      Temps:          4       0       0       0       0       0       0       0       0
      Totals:        15       0       0       0       0       0       0       0       0
Total ram usage:       15 bytes
 Hardware stack levels used:    1
 Hardware stack levels required when called:    2
 This function calls:
		___wmul
		_isdigit
		_isspace
 This function is called by:
		_get_action
 This function uses a non-reentrant model


 *************** function _isspace *****************
 Defined at:
		line 5 in file "/opt/microchip/xc8/v2.31/pic/sources/c99/common/isspace.c"
 Parameters:    Size  Location     Type
  c               2    2[COMRAM] int 
 Auto vars:     Size  Location     Type
		None
 Return value:  Size  Location     Type
                  2    2[COMRAM] int 
 Registers used:
		wreg, status,2, status,0
 Tracked objects:
		On entry : 
		On exit  : 
		Unchanged: 
 Data sizes:     COMRAM   BANK0   BANK1   BANK2   BANK3   BANK4   BANK5   BANK6   BANK7
      Params:         2       0       0       0       0       0       0       0       0
      Locals:         1       0       0       0       0       0       0       0       0
      Temps:          4       0       0       0       0       0       0       0       0
      Totals:         7       0       0       0       0       0       0       0       0
Total ram usage:        7 bytes
 Hardware stack levels used:    1
 Hardware stack levels required when called:    1
 This function calls:
		Nothing
 This function is called by:
		_atoi
 This function uses a non-reentrant model


 *************** function _isdigit *****************
 Defined at:
		line 5 in file "/opt/microchip/xc8/v2.31/pic/sources/c99/common/isdigit.c"
 Parameters:    Size  Location     Type
  c               2    2[COMRAM] int 
 Auto vars:     Size  Location     Type
		None
 Return value:  Size  Location     Type
                  2    2[COMRAM] int 
 Registers used:
		wreg, status,2, status,0
 Tracked objects:
		On entry : 
		On exit  : 
		Unchanged: 
 Data sizes:     COMRAM   BANK0   BANK1   BANK2   BANK3   BANK4   BANK5   BANK6   BANK7
      Params:         2       0       0       0       0       0       0       0       0
      Locals:         0       0       0       0       0       0       0       0       0
      Temps:          4       0       0       0       0       0       0       0       0
      Totals:         6       0       0       0       0       0       0       0       0
Total ram usage:        6 bytes
 Hardware stack levels used:    1
 Hardware stack levels required when called:    1
 This function calls:
		Nothing
 This function is called by:
		_atoi
 This function uses a non-reentrant model


 *************** function ___wmul *****************
 Defined at:
		line 15 in file "/opt/microchip/xc8/v2.31/pic/sources/c99/common/Umul16.c"
 Parameters:    Size  Location     Type
  multiplier      2    2[COMRAM] unsigned int 
  multiplicand    2    4[COMRAM] unsigned int 
 Auto vars:     Size  Location     Type
  product         2    6[COMRAM] unsigned int 
 Return value:  Size  Location     Type
                  2    2[COMRAM] unsigned int 
 Registers used:
		wreg, status,2, status,0, prodl, prodh
 Tracked objects:
		On entry : 
		On exit  : 
		Unchanged: 
 Data sizes:     COMRAM   BANK0   BANK1   BANK2   BANK3   BANK4   BANK5   BANK6   BANK7
      Params:         4       0       0       0       0       0       0       0       0
      Locals:         2       0       0       0       0       0       0       0       0
      Temps:          0       0       0       0       0       0       0       0       0
      Totals:         6       0       0       0       0       0       0       0       0
Total ram usage:        6 bytes
 Hardware stack levels used:    1
 Hardware stack levels required when called:    1
 This function calls:
		Nothing
 This function is called by:
		_atoi
 This function uses a non-reentrant model


 *************** function _dht_read *****************
 Defined at:
		line 145 in file "main.c"
 Parameters:    Size  Location     Type
		None
 Auto vars:     Size  Location     Type
  index           1   25[BANK0 ] unsigned char 
  bit_index       2   28[BANK0 ] int 
  mask            2   26[BANK0 ] int 
  bit_position    2   23[BANK0 ] int 
  temperature     2   21[BANK0 ] int 
  relative_hum    2   19[BANK0 ] int 
 Return value:  Size  Location     Type
                  1    wreg      void 
 Registers used:
		wreg, fsr1l, fsr1h, fsr2l, fsr2h, status,2, status,0, tblptrl, tblptrh, tblptru, prodl, prodh, cstack
 Tracked objects:
		On entry : 
		On exit  : 
		Unchanged: 
 Data sizes:     COMRAM   BANK0   BANK1   BANK2   BANK3   BANK4   BANK5   BANK6   BANK7
      Params:         0       0       0       0       0       0       0       0       0
      Locals:         0      11       0       0       0       0       0       0       0
      Temps:          0       3       0       0       0       0       0       0       0
      Totals:         0      14       0       0       0       0       0       0       0
Total ram usage:       14 bytes
 Hardware stack levels used:    1
 Hardware stack levels required when called:    9
 This function calls:
		_USART_SendString
		_dht_read_bit
		_memset
		_sprintf
 This function is called by:
		_main
 This function uses a non-reentrant model


 *************** function _sprintf *****************
 Defined at:
		line 9 in file "/opt/microchip/xc8/v2.31/pic/sources/c99/common/nf_sprintf.c"
 Parameters:    Size  Location     Type
  s               2    0[BANK0 ] PTR unsigned char 
		 -> data_out(50), 
  fmt             2    2[BANK0 ] PTR const unsigned char 
		 -> STR_4(7), STR_3(16), 
 Auto vars:     Size  Location     Type
  f               6   10[BANK0 ] struct _IO_FILE
  ap              2    8[BANK0 ] PTR void [1]
		 -> ?_sprintf(2), 
  ret             2    0        int 
 Return value:  Size  Location     Type
                  2    0[BANK0 ] int 
 Registers used:
		wreg, fsr1l, fsr1h, fsr2l, fsr2h, status,2, status,0, tblptrl, tblptrh, tblptru, cstack
 Tracked objects:
		On entry : 
		On exit  : 
		Unchanged: 
 Data sizes:     COMRAM   BANK0   BANK1   BANK2   BANK3   BANK4   BANK5   BANK6   BANK7
      Params:         0       6       0       0       0       0       0       0       0
      Locals:         0      10       0       0       0       0       0       0       0
      Temps:          0       0       0       0       0       0       0       0       0
      Totals:         0      16       0       0       0       0       0       0       0
Total ram usage:       16 bytes
 Hardware stack levels used:    1
 Hardware stack levels required when called:    8
 This function calls:
		_vfprintf
 This function is called by:
		_dht_read
 This function uses a non-reentrant model


 *************** function _vfprintf *****************
 Defined at:
		line 1390 in file "/opt/microchip/xc8/v2.31/pic/sources/c99/common/doprnt.c"
 Parameters:    Size  Location     Type
  fp              2   81[COMRAM] PTR struct _IO_FILE
		 -> sprintf@f(6), 
  fmt             2   83[COMRAM] PTR const unsigned char 
		 -> STR_4(7), STR_3(16), 
  ap              2   85[COMRAM] PTR PTR void 
		 -> sprintf@ap(2), 
 Auto vars:     Size  Location     Type
  cfmt            2   87[COMRAM] PTR unsigned char 
		 -> STR_4(7), STR_3(16), 
 Return value:  Size  Location     Type
                  2   81[COMRAM] int 
 Registers used:
		wreg, fsr1l, fsr1h, fsr2l, fsr2h, status,2, status,0, tblptrl, tblptrh, tblptru, cstack
 Tracked objects:
		On entry : 
		On exit  : 
		Unchanged: 
 Data sizes:     COMRAM   BANK0   BANK1   BANK2   BANK3   BANK4   BANK5   BANK6   BANK7
      Params:         6       0       0       0       0       0       0       0       0
      Locals:         2       0       0       0       0       0       0       0       0
      Temps:          0       0       0       0       0       0       0       0       0
      Totals:         8       0       0       0       0       0       0       0       0
Total ram usage:        8 bytes
 Hardware stack levels used:    1
 Hardware stack levels required when called:    7
 This function calls:
		_vfpfcnvrt
 This function is called by:
		_sprintf
 This function uses a non-reentrant model


 *************** function _vfpfcnvrt *****************
 Defined at:
		line 692 in file "/opt/microchip/xc8/v2.31/pic/sources/c99/common/doprnt.c"
 Parameters:    Size  Location     Type
  fp              2   65[COMRAM] PTR struct _IO_FILE
		 -> sprintf@f(6), 
  fmt             2   67[COMRAM] PTR PTR unsigned char 
		 -> vfprintf@cfmt(2), 
  ap              2   69[COMRAM] PTR PTR void 
		 -> sprintf@ap(2), 
 Auto vars:     Size  Location     Type
  ll              8   73[COMRAM] long long 
  llu             8    0        unsigned long long 
  f               4    0        unsigned long long 
  vp              3    0        PTR void 
  ct              3    0        unsigned char [3]
  cp              3    0        PTR unsigned char 
  i               2    0        int 
  done            2    0        int 
  c               1    0        unsigned char 
 Return value:  Size  Location     Type
                  2   65[COMRAM] int 
 Registers used:
		wreg, fsr1l, fsr1h, fsr2l, fsr2h, status,2, status,0, tblptrl, tblptrh, tblptru, cstack
 Tracked objects:
		On entry : 
		On exit  : 
		Unchanged: 
 Data sizes:     COMRAM   BANK0   BANK1   BANK2   BANK3   BANK4   BANK5   BANK6   BANK7
      Params:         6       0       0       0       0       0       0       0       0
      Locals:         8       0       0       0       0       0       0       0       0
      Temps:          2       0       0       0       0       0       0       0       0
      Totals:        16       0       0       0       0       0       0       0       0
Total ram usage:       16 bytes
 Hardware stack levels used:    1
 Hardware stack levels required when called:    6
 This function calls:
		_dtoa
		_fputc
 This function is called by:
		_vfprintf
 This function uses a non-reentrant model


 *************** function _dtoa *****************
 Defined at:
		line 287 in file "/opt/microchip/xc8/v2.31/pic/sources/c99/common/doprnt.c"
 Parameters:    Size  Location     Type
  fp              2   29[COMRAM] PTR struct _IO_FILE
		 -> sprintf@f(6), 
  d               8   31[COMRAM] long long 
 Auto vars:     Size  Location     Type
  n               8   55[COMRAM] long long 
  i               2   63[COMRAM] int 
  s               2   53[COMRAM] int 
  w               2   51[COMRAM] int 
  p               2   49[COMRAM] int 
 Return value:  Size  Location     Type
                  2   29[COMRAM] int 
 Registers used:
		wreg, fsr1l, fsr1h, fsr2l, fsr2h, status,2, status,0, tblptrl, tblptrh, tblptru, cstack
 Tracked objects:
		On entry : 
		On exit  : 
		Unchanged: 
 Data sizes:     COMRAM   BANK0   BANK1   BANK2   BANK3   BANK4   BANK5   BANK6   BANK7
      Params:        10       0       0       0       0       0       0       0       0
      Locals:        18       0       0       0       0       0       0       0       0
      Temps:          8       0       0       0       0       0       0       0       0
      Totals:        36       0       0       0       0       0       0       0       0
Total ram usage:       36 bytes
 Hardware stack levels used:    1
 Hardware stack levels required when called:    5
 This function calls:
		___aodiv
		___aomod
		_abs
		_pad
 This function is called by:
		_vfpfcnvrt
 This function uses a non-reentrant model


 *************** function _pad *****************
 Defined at:
		line 72 in file "/opt/microchip/xc8/v2.31/pic/sources/c99/common/doprnt.c"
 Parameters:    Size  Location     Type
  fp              2   18[COMRAM] PTR struct _IO_FILE
		 -> sprintf@f(6), 
  buf             2   20[COMRAM] PTR unsigned char 
		 -> dbuf(32), 
  p               2   22[COMRAM] int 
 Auto vars:     Size  Location     Type
  w               2   27[COMRAM] int 
  i               2   25[COMRAM] int 
 Return value:  Size  Location     Type
                  2   18[COMRAM] int 
 Registers used:
		wreg, fsr1l, fsr1h, fsr2l, fsr2h, status,2, status,0, tblptrl, tblptrh, tblptru, cstack
 Tracked objects:
		On entry : 
		On exit  : 
		Unchanged: 
 Data sizes:     COMRAM   BANK0   BANK1   BANK2   BANK3   BANK4   BANK5   BANK6   BANK7
      Params:         6       0       0       0       0       0       0       0       0
      Locals:         4       0       0       0       0       0       0       0       0
      Temps:          1       0       0       0       0       0       0       0       0
      Totals:        11       0       0       0       0       0       0       0       0
Total ram usage:       11 bytes
 Hardware stack levels used:    1
 Hardware stack levels required when called:    4
 This function calls:
		_fputc
		_fputs
		_strlen
 This function is called by:
		_dtoa
 This function uses a non-reentrant model


 *************** function _fputs *****************
 Defined at:
		line 8 in file "/opt/microchip/xc8/v2.31/pic/sources/c99/common/nf_fputs.c"
 Parameters:    Size  Location     Type
  s               2   11[COMRAM] PTR const unsigned char 
		 -> dbuf(32), 
  fp              2   13[COMRAM] PTR struct _IO_FILE
		 -> sprintf@f(6), 
 Auto vars:     Size  Location     Type
  i               2   16[COMRAM] int 
  c               1   15[COMRAM] unsigned char 
 Return value:  Size  Location     Type
                  2   11[COMRAM] int 
 Registers used:
		wreg, fsr1l, fsr1h, fsr2l, fsr2h, status,2, status,0, cstack
 Tracked objects:
		On entry : 
		On exit  : 
		Unchanged: 
 Data sizes:     COMRAM   BANK0   BANK1   BANK2   BANK3   BANK4   BANK5   BANK6   BANK7
      Params:         4       0       0       0       0       0       0       0       0
      Locals:         3       0       0       0       0       0       0       0       0
      Temps:          0       0       0       0       0       0       0       0       0
      Totals:         7       0       0       0       0       0       0       0       0
Total ram usage:        7 bytes
 Hardware stack levels used:    1
 Hardware stack levels required when called:    3
 This function calls:
		_fputc
 This function is called by:
		_pad
 This function uses a non-reentrant model


 *************** function _fputc *****************
 Defined at:
		line 8 in file "/opt/microchip/xc8/v2.31/pic/sources/c99/common/nf_fputc.c"
 Parameters:    Size  Location     Type
  c               2    2[COMRAM] int 
  fp              2    4[COMRAM] PTR struct _IO_FILE
		 -> sprintf@f(6), 
 Auto vars:     Size  Location     Type
		None
 Return value:  Size  Location     Type
                  2    2[COMRAM] int 
 Registers used:
		wreg, fsr1l, fsr1h, fsr2l, fsr2h, status,2, status,0, cstack
 Tracked objects:
		On entry : 
		On exit  : 
		Unchanged: 
 Data sizes:     COMRAM   BANK0   BANK1   BANK2   BANK3   BANK4   BANK5   BANK6   BANK7
      Params:         4       0       0       0       0       0       0       0       0
      Locals:         0       0       0       0       0       0       0       0       0
      Temps:          5       0       0       0       0       0       0       0       0
      Totals:         9       0       0       0       0       0       0       0       0
Total ram usage:        9 bytes
 Hardware stack levels used:    1
 Hardware stack levels required when called:    2
 This function calls:
		_putch
 This function is called by:
		_pad
		_vfpfcnvrt
		_fputs
 This function uses a non-reentrant model


 *************** function _putch *****************
 Defined at:
		line 7 in file "/opt/microchip/xc8/v2.31/pic/sources/c99/common/putch.c"
 Parameters:    Size  Location     Type
  c               1    wreg     unsigned char 
 Auto vars:     Size  Location     Type
  c               1    0[COMRAM] unsigned char 
 Return value:  Size  Location     Type
                  1    wreg      void 
 Registers used:
		wreg
 Tracked objects:
		On entry : 
		On exit  : 
		Unchanged: 
 Data sizes:     COMRAM   BANK0   BANK1   BANK2   BANK3   BANK4   BANK5   BANK6   BANK7
      Params:         0       0       0       0       0       0       0       0       0
      Locals:         0       0       0       0       0       0       0       0       0
      Temps:          0       0       0       0       0       0       0       0       0
      Totals:         0       0       0       0       0       0       0       0       0
Total ram usage:        0 bytes
 Hardware stack levels used:    1
 Hardware stack levels required when called:    1
 This function calls:
		Nothing
 This function is called by:
		_fputc
 This function uses a non-reentrant model


 *************** function _abs *****************
 Defined at:
		line 1 in file "/opt/microchip/xc8/v2.31/pic/sources/c99/common/abs.c"
 Parameters:    Size  Location     Type
  a               2   20[COMRAM] int 
 Auto vars:     Size  Location     Type
		None
 Return value:  Size  Location     Type
                  2   20[COMRAM] int 
 Registers used:
		wreg, status,2, status,0
 Tracked objects:
		On entry : 
		On exit  : 
		Unchanged: 
 Data sizes:     COMRAM   BANK0   BANK1   BANK2   BANK3   BANK4   BANK5   BANK6   BANK7
      Params:         2       0       0       0       0       0       0       0       0
      Locals:         0       0       0       0       0       0       0       0       0
      Temps:          2       0       0       0       0       0       0       0       0
      Totals:         4       0       0       0       0       0       0       0       0
Total ram usage:        4 bytes
 Hardware stack levels used:    1
 Hardware stack levels required when called:    1
 This function calls:
		Nothing
 This function is called by:
		_dtoa
 This function uses a non-reentrant model


 *************** function ___aomod *****************
 Defined at:
		line 9 in file "/opt/microchip/xc8/v2.31/pic/sources/c99/common/aomod.c"
 Parameters:    Size  Location     Type
  dividend        8    2[COMRAM] long long 
  divisor         8   10[COMRAM] long long 
 Auto vars:     Size  Location     Type
  sign            1   19[COMRAM] unsigned char 
  counter         1   18[COMRAM] unsigned char 
 Return value:  Size  Location     Type
                  8    2[COMRAM] long long 
 Registers used:
		wreg, status,2, status,0
 Tracked objects:
		On entry : 
		On exit  : 
		Unchanged: 
 Data sizes:     COMRAM   BANK0   BANK1   BANK2   BANK3   BANK4   BANK5   BANK6   BANK7
      Params:        16       0       0       0       0       0       0       0       0
      Locals:         2       0       0       0       0       0       0       0       0
      Temps:          0       0       0       0       0       0       0       0       0
      Totals:        18       0       0       0       0       0       0       0       0
Total ram usage:       18 bytes
 Hardware stack levels used:    1
 Hardware stack levels required when called:    1
 This function calls:
		Nothing
 This function is called by:
		_dtoa
 This function uses a non-reentrant model


 *************** function ___aodiv *****************
 Defined at:
		line 9 in file "/opt/microchip/xc8/v2.31/pic/sources/c99/common/aodiv.c"
 Parameters:    Size  Location     Type
  dividend        8    2[COMRAM] long long 
  divisor         8   10[COMRAM] long long 
 Auto vars:     Size  Location     Type
  quotient        8   20[COMRAM] long long 
  sign            1   19[COMRAM] unsigned char 
  counter         1   18[COMRAM] unsigned char 
 Return value:  Size  Location     Type
                  8    2[COMRAM] long long 
 Registers used:
		wreg, fsr2l, fsr2h, status,2, status,0
 Tracked objects:
		On entry : 
		On exit  : 
		Unchanged: 
 Data sizes:     COMRAM   BANK0   BANK1   BANK2   BANK3   BANK4   BANK5   BANK6   BANK7
      Params:        16       0       0       0       0       0       0       0       0
      Locals:        10       0       0       0       0       0       0       0       0
      Temps:          0       0       0       0       0       0       0       0       0
      Totals:        26       0       0       0       0       0       0       0       0
Total ram usage:       26 bytes
 Hardware stack levels used:    1
 Hardware stack levels required when called:    1
 This function calls:
		Nothing
 This function is called by:
		_dtoa
 This function uses a non-reentrant model


 *************** function _memset *****************
 Defined at:
		line 4 in file "/opt/microchip/xc8/v2.31/pic/sources/c99/common/memset.c"
 Parameters:    Size  Location     Type
  dest            2    2[COMRAM] PTR void 
		 -> data_out(50), dht_raw_data(80), data_in(512), 
  c               2    4[COMRAM] int 
  n               2    6[COMRAM] unsigned int 
 Auto vars:     Size  Location     Type
  s               2   12[COMRAM] PTR unsigned char 
		 -> data_out(50), dht_raw_data(80), data_in(512), 
  k               2   10[COMRAM] unsigned int 
 Return value:  Size  Location     Type
                  2    2[COMRAM] PTR void 
 Registers used:
		wreg, fsr2l, fsr2h, status,2, status,0
 Tracked objects:
		On entry : 
		On exit  : 
		Unchanged: 
 Data sizes:     COMRAM   BANK0   BANK1   BANK2   BANK3   BANK4   BANK5   BANK6   BANK7
      Params:         6       0       0       0       0       0       0       0       0
      Locals:         4       0       0       0       0       0       0       0       0
      Temps:          2       0       0       0       0       0       0       0       0
      Totals:        12       0       0       0       0       0       0       0       0
Total ram usage:       12 bytes
 Hardware stack levels used:    1
 Hardware stack levels required when called:    1
 This function calls:
		Nothing
 This function is called by:
		_main
		_dht_read
		_get_action
 This function uses a non-reentrant model


 *************** function _dht_read_bit *****************
 Defined at:
		line 195 in file "main.c"
 Parameters:    Size  Location     Type
		None
 Auto vars:     Size  Location     Type
		None
 Return value:  Size  Location     Type
                  2    2[COMRAM] int 
 Registers used:
		wreg, status,2
 Tracked objects:
		On entry : 
		On exit  : 
		Unchanged: 
 Data sizes:     COMRAM   BANK0   BANK1   BANK2   BANK3   BANK4   BANK5   BANK6   BANK7
      Params:         2       0       0       0       0       0       0       0       0
      Locals:         0       0       0       0       0       0       0       0       0
      Temps:          0       0       0       0       0       0       0       0       0
      Totals:         2       0       0       0       0       0       0       0       0
Total ram usage:        2 bytes
 Hardware stack levels used:    1
 Hardware stack levels required when called:    1
 This function calls:
		Nothing
 This function is called by:
		_dht_read
 This function uses a non-reentrant model


 *************** function _USART_SendString *****************
 Defined at:
		line 275 in file "main.c"
 Parameters:    Size  Location     Type
  data            2    6[COMRAM] PTR unsigned char 
		 -> data_out(50), 
 Auto vars:     Size  Location     Type
  index           1   10[COMRAM] unsigned char 
 Return value:  Size  Location     Type
                  1    wreg      void 
 Registers used:
		wreg, fsr1l, fsr1h, fsr2l, fsr2h, status,2, status,0, tblptrl, tblptrh, tblptru, cstack
 Tracked objects:
		On entry : 
		On exit  : 
		Unchanged: 
 Data sizes:     COMRAM   BANK0   BANK1   BANK2   BANK3   BANK4   BANK5   BANK6   BANK7
      Params:         2       0       0       0       0       0       0       0       0
      Locals:         1       0       0       0       0       0       0       0       0
      Temps:          2       0       0       0       0       0       0       0       0
      Totals:         5       0       0       0       0       0       0       0       0
Total ram usage:        5 bytes
 Hardware stack levels used:    1
 Hardware stack levels required when called:    2
 This function calls:
		_USART_SendChar
		_strlen
 This function is called by:
		_dht_read
 This function uses a non-reentrant model


 *************** function _USART_SendChar *****************
 Defined at:
		line 270 in file "main.c"
 Parameters:    Size  Location     Type
  data            1    wreg     unsigned char 
 Auto vars:     Size  Location     Type
  data            1    2[COMRAM] unsigned char 
 Return value:  Size  Location     Type
                  1    wreg      void 
 Registers used:
		wreg
 Tracked objects:
		On entry : 
		On exit  : 
		Unchanged: 
 Data sizes:     COMRAM   BANK0   BANK1   BANK2   BANK3   BANK4   BANK5   BANK6   BANK7
      Params:         0       0       0       0       0       0       0       0       0
      Locals:         1       0       0       0       0       0       0       0       0
      Temps:          0       0       0       0       0       0       0       0       0
      Totals:         1       0       0       0       0       0       0       0       0
Total ram usage:        1 bytes
 Hardware stack levels used:    1
 Hardware stack levels required when called:    1
 This function calls:
		Nothing
 This function is called by:
		_USART_SendString
 This function uses a non-reentrant model


 *************** function _data_received *****************
 Defined at:
		line 207 in file "main.c"
 Parameters:    Size  Location     Type
		None
 Auto vars:     Size  Location     Type
  ptr             2   19[COMRAM] PTR unsigned char 
		 -> NULL(0), data_in(512), 
 Return value:  Size  Location     Type
                  1    wreg      _Bool 
 Registers used:
		wreg, fsr1l, fsr1h, fsr2l, fsr2h, status,2, status,0, tblptrl, tblptrh, tblptru, cstack
 Tracked objects:
		On entry : 
		On exit  : 
		Unchanged: 
 Data sizes:     COMRAM   BANK0   BANK1   BANK2   BANK3   BANK4   BANK5   BANK6   BANK7
      Params:         0       0       0       0       0       0       0       0       0
      Locals:         2       0       0       0       0       0       0       0       0
      Temps:          0       0       0       0       0       0       0       0       0
      Totals:         2       0       0       0       0       0       0       0       0
Total ram usage:        2 bytes
 Hardware stack levels used:    1
 Hardware stack levels required when called:    3
 This function calls:
		_strstr
 This function is called by:
		_main
 This function uses a non-reentrant model


 *************** function _strstr *****************
 Defined at:
		line 4 in file "/opt/microchip/xc8/v2.31/pic/sources/c99/common/strstr.c"
 Parameters:    Size  Location     Type
  h               2   13[COMRAM] PTR const unsigned char 
		 -> NULL(0), data_in(512), 
  n               2   15[COMRAM] PTR const unsigned char 
		 -> STR_5(2), STR_2(4), STR_1(8), 
 Auto vars:     Size  Location     Type
  nl              2   17[COMRAM] unsigned int 
 Return value:  Size  Location     Type
                  2   13[COMRAM] PTR unsigned char 
 Registers used:
		wreg, fsr1l, fsr1h, fsr2l, fsr2h, status,2, status,0, tblptrl, tblptrh, tblptru, cstack
 Tracked objects:
		On entry : 
		On exit  : 
		Unchanged: 
 Data sizes:     COMRAM   BANK0   BANK1   BANK2   BANK3   BANK4   BANK5   BANK6   BANK7
      Params:         4       0       0       0       0       0       0       0       0
      Locals:         2       0       0       0       0       0       0       0       0
      Temps:          0       0       0       0       0       0       0       0       0
      Totals:         6       0       0       0       0       0       0       0       0
Total ram usage:        6 bytes
 Hardware stack levels used:    1
 Hardware stack levels required when called:    2
 This function calls:
		_strchr
		_strlen
		_strncmp
 This function is called by:
		_data_received
		_get_action
		_is_command
 This function uses a non-reentrant model


 *************** function _strncmp *****************
 Defined at:
		line 3 in file "/opt/microchip/xc8/v2.31/pic/sources/c99/common/strncmp.c"
 Parameters:    Size  Location     Type
  _l              2    2[COMRAM] PTR const unsigned char 
		 -> NULL(0), data_in(512), 
  _r              2    4[COMRAM] PTR const unsigned char 
		 -> STR_5(2), STR_2(4), STR_1(8), 
  n               2    6[COMRAM] unsigned int 
 Auto vars:     Size  Location     Type
  r               2   11[COMRAM] PTR const unsigned char 
		 -> STR_5(2), STR_2(4), STR_1(8), 
  l               2    9[COMRAM] PTR const unsigned char 
		 -> NULL(0), data_in(512), 
 Return value:  Size  Location     Type
                  2    2[COMRAM] int 
 Registers used:
		wreg, fsr2l, fsr2h, status,2, status,0, tblptrl, tblptrh, tblptru
 Tracked objects:
		On entry : 
		On exit  : 
		Unchanged: 
 Data sizes:     COMRAM   BANK0   BANK1   BANK2   BANK3   BANK4   BANK5   BANK6   BANK7
      Params:         6       0       0       0       0       0       0       0       0
      Locals:         4       0       0       0       0       0       0       0       0
      Temps:          1       0       0       0       0       0       0       0       0
      Totals:        11       0       0       0       0       0       0       0       0
Total ram usage:       11 bytes
 Hardware stack levels used:    1
 Hardware stack levels required when called:    1
 This function calls:
		Nothing
 This function is called by:
		_strstr
 This function uses a non-reentrant model


 *************** function _strlen *****************
 Defined at:
		line 5 in file "/opt/microchip/xc8/v2.31/pic/sources/c99/common/strlen.c"
 Parameters:    Size  Location     Type
  s               2    2[COMRAM] PTR const unsigned char 
		 -> dbuf(32), STR_5(2), data_out(50), STR_2(4), 
		 -> STR_1(8), 
 Auto vars:     Size  Location     Type
  a               2    4[COMRAM] PTR const unsigned char 
		 -> dbuf(32), STR_5(2), data_out(50), STR_2(4), 
		 -> STR_1(8), 
 Return value:  Size  Location     Type
                  2    2[COMRAM] unsigned int 
 Registers used:
		wreg, fsr1l, fsr1h, status,2, status,0, tblptrl, tblptrh, tblptru
 Tracked objects:
		On entry : 
		On exit  : 
		Unchanged: 
 Data sizes:     COMRAM   BANK0   BANK1   BANK2   BANK3   BANK4   BANK5   BANK6   BANK7
      Params:         2       0       0       0       0       0       0       0       0
      Locals:         2       0       0       0       0       0       0       0       0
      Temps:          0       0       0       0       0       0       0       0       0
      Totals:         4       0       0       0       0       0       0       0       0
Total ram usage:        4 bytes
 Hardware stack levels used:    1
 Hardware stack levels required when called:    1
 This function calls:
		Nothing
 This function is called by:
		_USART_SendString
		_pad
		_strstr
 This function uses a non-reentrant model


 *************** function _strchr *****************
 Defined at:
		line 3 in file "/opt/microchip/xc8/v2.31/pic/sources/c99/common/strchr.c"
 Parameters:    Size  Location     Type
  s               2    2[COMRAM] PTR const unsigned char 
		 -> NULL(0), data_in(512), 
  c               2    4[COMRAM] int 
 Auto vars:     Size  Location     Type
		None
 Return value:  Size  Location     Type
                  2    2[COMRAM] PTR unsigned char 
 Registers used:
		wreg, fsr2l, fsr2h, status,2, status,0
 Tracked objects:
		On entry : 
		On exit  : 
		Unchanged: 
 Data sizes:     COMRAM   BANK0   BANK1   BANK2   BANK3   BANK4   BANK5   BANK6   BANK7
      Params:         4       0       0       0       0       0       0       0       0
      Locals:         0       0       0       0       0       0       0       0       0
      Temps:          1       0       0       0       0       0       0       0       0
      Totals:         5       0       0       0       0       0       0       0       0
Total ram usage:        5 bytes
 Hardware stack levels used:    1
 Hardware stack levels required when called:    1
 This function calls:
		Nothing
 This function is called by:
		_strstr
 This function uses a non-reentrant model


 *************** function _USART_Init *****************
 Defined at:
		line 242 in file "main.c"
 Parameters:    Size  Location     Type
		None
 Auto vars:     Size  Location     Type
		None
 Return value:  Size  Location     Type
                  1    wreg      void 
 Registers used:
		wreg, status,2
 Tracked objects:
		On entry : 
		On exit  : 
		Unchanged: 
 Data sizes:     COMRAM   BANK0   BANK1   BANK2   BANK3   BANK4   BANK5   BANK6   BANK7
      Params:         0       0       0       0       0       0       0       0       0
      Locals:         0       0       0       0       0       0       0       0       0
      Temps:          0       0       0       0       0       0       0       0       0
      Totals:         0       0       0       0       0       0       0       0       0
Total ram usage:        0 bytes
 Hardware stack levels used:    1
 Hardware stack levels required when called:    1
 This function calls:
		Nothing
 This function is called by:
		_main
 This function uses a non-reentrant model


 *************** function _isr *****************
 Defined at:
		line 257 in file "main.c"
 Parameters:    Size  Location     Type
		None
 Auto vars:     Size  Location     Type
		None
 Return value:  Size  Location     Type
                  1    wreg      void 
 Registers used:
		wreg, fsr2l, fsr2h, status,2, status,0
 Tracked objects:
		On entry : 
		On exit  : 
		Unchanged: 
 Data sizes:     COMRAM   BANK0   BANK1   BANK2   BANK3   BANK4   BANK5   BANK6   BANK7
      Params:         0       0       0       0       0       0       0       0       0
      Locals:         0       0       0       0       0       0       0       0       0
      Temps:          2       0       0       0       0       0       0       0       0
      Totals:         2       0       0       0       0       0       0       0       0
Total ram usage:        2 bytes
 Hardware stack levels used:    1
 This function calls:
		Nothing
 This function is called by:
		Interrupt level 2
 This function uses a non-reentrant model



MODULE INFORMATION

Module		Function		Class		Link	Load	Size
/opt/microchip/xc8/v2.31/pic/sources/c99/common/doprnt.c
		_vfpfcnvrt     		CODE           	0D56	0000	436
		_pad           		CODE           	1696	0000	194
		_dtoa          		CODE           	0828	0000	734
		_vfprintf      		CODE           	195A	0000	98

/opt/microchip/xc8/v2.31/pic/sources/c99/common/doprnt.c estimated size: 1462

/opt/microchip/xc8/v2.31/pic/sources/c99/common/abs.c
		_abs           		CODE           	1C74	0000	64

/opt/microchip/xc8/v2.31/pic/sources/c99/common/abs.c estimated size: 64

/opt/microchip/xc8/v2.31/pic/sources/c99/common/atoi.c
		_atoi          		CODE           	0F0A	0000	394

/opt/microchip/xc8/v2.31/pic/sources/c99/common/atoi.c estimated size: 394

/opt/microchip/xc8/v2.31/pic/sources/c99/common/nf_fputc.c
		_fputc         		CODE           	15CC	0000	202

/opt/microchip/xc8/v2.31/pic/sources/c99/common/nf_fputc.c estimated size: 202

/opt/microchip/xc8/v2.31/pic/sources/c99/common/isdigit.c
		_isdigit       		CODE           	1CEC	0000	56

/opt/microchip/xc8/v2.31/pic/sources/c99/common/isdigit.c estimated size: 56

/opt/microchip/xc8/v2.31/pic/sources/c99/common/strstr.c
		_strstr        		CODE           	1758	0000	192

/opt/microchip/xc8/v2.31/pic/sources/c99/common/strstr.c estimated size: 192

/opt/microchip/xc8/v2.31/pic/sources/c99/common/putch.c
		_putch         		CODE           	1DB6	0000	2

/opt/microchip/xc8/v2.31/pic/sources/c99/common/putch.c estimated size: 2

/opt/microchip/xc8/v2.31/pic/sources/c99/common/Umul16.c
		___wmul        		CODE           	1D5C	0000	38

/opt/microchip/xc8/v2.31/pic/sources/c99/common/Umul16.c estimated size: 38

/opt/microchip/xc8/v2.31/pic/sources/c99/common/aomod.c
		___aomod       		CODE           	1392	0000	356

/opt/microchip/xc8/v2.31/pic/sources/c99/common/aomod.c estimated size: 356

/opt/microchip/xc8/v2.31/pic/sources/c99/common/nf_sprintf.c
		_sprintf       		CODE           	1A6C	0000	82

/opt/microchip/xc8/v2.31/pic/sources/c99/common/nf_sprintf.c estimated size: 82

shared
		__initialization		CODE           	19BC	0000	80

shared estimated size: 80

/opt/microchip/xc8/v2.31/pic/sources/c99/common/aodiv.c
		___aodiv       		CODE           	1094	0000	392

/opt/microchip/xc8/v2.31/pic/sources/c99/common/aodiv.c estimated size: 392

/opt/microchip/xc8/v2.31/pic/sources/c99/common/nf_fputs.c
		_fputs         		CODE           	1C30	0000	68

/opt/microchip/xc8/v2.31/pic/sources/c99/common/nf_fputs.c estimated size: 68

/opt/microchip/xc8/v2.31/pic/sources/c99/common/strlen.c
		_strlen        		CODE           	1ABE	0000	78

/opt/microchip/xc8/v2.31/pic/sources/c99/common/strlen.c estimated size: 78

/opt/microchip/xc8/v2.31/pic/sources/c99/common/isspace.c
		_isspace       		CODE           	1A1A	0000	82

/opt/microchip/xc8/v2.31/pic/sources/c99/common/isspace.c estimated size: 82

/opt/microchip/xc8/v2.31/pic/sources/c99/common/strchr.c
		_strchr        		CODE           	1B0C	0000	76

/opt/microchip/xc8/v2.31/pic/sources/c99/common/strchr.c estimated size: 76

main.c
		_get_action    		CODE           	18CA	0000	144
		_USART_SendChar		CODE           	1D9C	0000	22
		_main          		CODE           	1818	0000	178
		_isr           		CODE           	0008	0000	82
		_dht_read      		CODE           	0B06	0000	592
		_dht_read_bit  		CODE           	1BA4	0000	70
		_data_received 		CODE           	1D24	0000	56
		_is_command    		CODE           	1CB4	0000	56
		_USART_SendString		CODE           	1BEA	0000	70
		_USART_Init    		CODE           	1D82	0000	26

main.c estimated size: 1296

/opt/microchip/xc8/v2.31/pic/sources/c99/common/memset.c
		_memset        		CODE           	121C	0000	374

/opt/microchip/xc8/v2.31/pic/sources/c99/common/memset.c estimated size: 374

/opt/microchip/xc8/v2.31/pic/sources/c99/common/strncmp.c
		_strncmp       		CODE           	14F6	0000	214

/opt/microchip/xc8/v2.31/pic/sources/c99/common/strncmp.c estimated size: 214

