Microchip MPLAB XC8 Compiler V2.31

Linker command line:

-W-3 --edf=/opt/microchip/xc8/v2.31/pic/dat/en_msgs.txt -cn \
  -h+dist/default/production/hello_world.X.production.sym \
  --cmf=dist/default/production/hello_world.X.production.cmf -z -Q18F4553 \
  -o/tmp/xcXphPlbc --defsym=__MPLAB_BUILD=1 \
  -Mdist/default/production/hello_world.X.production.map -E1 \
  -ver=XC8 Compiler -ASTACK=060h-05FFh -pstack=STACK -ACODE=00h-07FFFh \
  -ACONST=00h-07FFFh -ASMALLCONST=0800h-08FFhx120 \
  -AMEDIUMCONST=0800h-07FFFh -ACOMRAM=01h-05Fh -AABS1=00h-07FFh \
  -ABIGRAM=01h-07FFh -ARAM=060h-0FFh,0100h-01FFhx7 -ABANK0=060h-0FFh \
  -ABANK1=0100h-01FFh -ABANK2=0200h-02FFh -ABANK3=0300h-03FFh \
  -ABANK4=0400h-04FFh -ABANK5=0500h-05FFh -ABANK6=0600h-06FFh \
  -ABANK7=0700h-07FFh -ASFR=0F60h-0FFFh -ACONFIG=0300000h-030000Dh \
  -AIDLOC=0200000h-0200007h -AEEDATA=0F00000h-0F000FFh -peeprom_data=EEDATA \
  -preset_vec=00h,intcode=08h,intcodelo,powerup,init -pramtop=0800h \
  -psmallconst=SMALLCONST -pmediumconst=MEDIUMCONST -pconst=CONST \
  -AFARRAM=00h-00h \
  -prdata=COMRAM,nvrram=COMRAM,nvbit=COMRAM,rbss=COMRAM,rbit=COMRAM \
  -pfarbss=FARRAM,fardata=FARRAM,nvFARRAM=FARRAM \
  -pintsave_regs=BIGRAM,bigbss=BIGRAM,bigdata=BIGRAM -pbss=RAM \
  -pidata=CODE,irdata=CODE,ibigdata=CODE,ifardata=CODE -prparam=COMRAM \
  /tmp/xcXbpCoeI.o dist/default/production/hello_world.X.production.o 

Object code version is 3.11

Machine type is 18F4553



                Name                               Link     Load   Length Selector   Space Scale
/tmp/xcXbpCoeI.o
                idloc                            200000   200000        8        0       5
                config                           300000   300000        E        0       4
                init                                  E        E        4        4       0
                reset_vec                             0        0        4        0       0
dist/default/production/hello_world.X.production.o
                intcode                               8        8        6        4       0
                idloc                            200000   200000        8        0       5
                config                           300000   300000        E        0       4
                temp                                 1C       1C        1        1       1
                smallconst                          800      800       14      400       0
                intcode_body                        AC2      AC2       2C      40A       0
                text9                               AEE      AEE       1A      40A       0
                text8                               9AA      9AA       36      40A       0
                text7                               A10      A10       2E      40A       0
                text6                               898      898       74      40A       0
                text5                               814      814       84      40A       0
                text4                               A96      A96       2C      40A       0
                text3                               A6A      A6A       2C      40A       0
                text2                               9E0      9E0       30      40A       0
                text1                               A3E      A3E       2C      40A       0
                text0                               90C      90C       5A      40A       0
                cstackCOMRAM                          1        1       16        1       1
                bssBIGRAM                           600      600      200      600       1
                dataCOMRAM                           17       17        4        1       1
                bssCOMRAM                            1B       1B        1        1       1
                cinit                               966      966       44      40A       0
                idataCOMRAM                         B08      B08        4      40A       0

TOTAL           Name                               Link     Load   Length     Space
        CLASS   STACK          

        CLASS   CODE           
                intcode                               8        8        6         0
                init                                  E        E        4         0
                reset_vec                             0        0        4         0
                intcode_body                        AC2      AC2       2C         0
                text9                               AEE      AEE       1A         0
                text8                               9AA      9AA       36         0
                text7                               A10      A10       2E         0
                text6                               898      898       74         0
                text5                               814      814       84         0
                text4                               A96      A96       2C         0
                text3                               A6A      A6A       2C         0
                text2                               9E0      9E0       30         0
                text1                               A3E      A3E       2C         0
                text0                               90C      90C       5A         0
                cinit                               966      966       44         0
                idataCOMRAM                         B08      B08        4         0

        CLASS   CONST          

        CLASS   SMALLCONST     
                smallconst                          800      800       14         0

        CLASS   MEDIUMCONST    

        CLASS   COMRAM         
                temp                                 1C       1C        1         1
                cstackCOMRAM                          1        1       16         1
                dataCOMRAM                           17       17        4         1
                bssCOMRAM                            1B       1B        1         1

        CLASS   ABS1           

        CLASS   BIGRAM         
                bssBIGRAM                           600      600      200         1

        CLASS   RAM            

        CLASS   BANK0          

        CLASS   BANK1          

        CLASS   BANK2          

        CLASS   BANK3          

        CLASS   BANK4          

        CLASS   BANK5          

        CLASS   BANK6          

        CLASS   BANK7          

        CLASS   SFR            

        CLASS   CONFIG         
                config                           300000   300000        E         4

        CLASS   IDLOC          
                idloc                            200000   200000        8         5

        CLASS   EEDATA         

        CLASS   FARRAM         



SEGMENTS        Name                           Load    Length   Top    Selector   Space  Class

                cstackCOMRAM                   000001  00001C  00001D         1       1  COMRAM  
                reset_vec                      000000  000004  000004         0       0  CODE    
                bssBIGRAM                      000600  000200  000800       600       1  BIGRAM  
                text5                          000814  0002F8  000B0C       40A       0  CODE    
                intcode                        000008  00000A  000012         4       0  CODE    
                smallconst                     000800  000014  000814       400       0  SMALLCON


UNUSED ADDRESS RANGES

        Name                Unused          Largest block    Delta
        BANK0            000060-0000FF               A0
        BANK1            000100-0001FF              100
        BANK2            000200-0002FF              100
        BANK3            000300-0003FF              100
        BANK4            000400-0004FF              100
        BANK5            000500-0005FF              100
        BIGRAM           00001D-0005FF              5E3
        CODE             000004-000007                4
                         000012-0007FF              7EE
                         000B0C-007FFF             74F4
        COMRAM           00001D-00005F               43
        CONST            000004-000007                4
                         000012-0007FF              7EE
                         000B0C-007FFF             74F4
        EEDATA           F00000-F000FF              100
        MEDIUMCONST      000B0C-007FFF             74F4
        RAM              000060-0005FF              100
        SFR              000F60-000FFF               A0
        SMALLCONST       000B0C-007FFF              100
        STACK            000060-0005FF              5A0

                                  Symbol Table

?_strchr                 cstackCOMRAM 000003
?_strlen                 cstackCOMRAM 000003
?_strncmp                cstackCOMRAM 000007
?_strstr                 cstackCOMRAM 00000E
_INTCONbits              (abs)        000FF2
_ISR                     intcode      000008
_LATD                    (abs)        000F8C
_LATDbits                (abs)        000F8C
_OSCCON                  (abs)        000FD3
_PIE1bits                (abs)        000F9D
_RCIF                    (abs)        007CF5
_RCREG                   (abs)        000FAE
_RCSTA                   (abs)        000FAB
_SPBRG                   (abs)        000FAF
_TRISC6                  (abs)        007CA6
_TRISC7                  (abs)        007CA7
_TRISD                   (abs)        000F95
_TXSTA                   (abs)        000FAC
_USART_Init              text9        000AEE
__HRAM                   (abs)        000000
__Habs1                  abs1         000000
__Hbank0                 bank0        000000
__Hbank1                 bank1        000000
__Hbank2                 bank2        000000
__Hbank3                 bank3        000000
__Hbank4                 bank4        000000
__Hbank5                 bank5        000000
__Hbank6                 bank6        000000
__Hbank7                 bank7        000000
__Hbigbss                bigbss       000000
__Hbigdata               bigdata      000000
__Hbigram                bigram       000000
__Hbss                   bss          000000
__HbssBIGRAM             bssBIGRAM    000000
__HbssCOMRAM             bssCOMRAM    000000
__Hcinit                 cinit        000000
__Hclrtext               clrtext      000000
__Hcomram                comram       000000
__Hconfig                config       30000E
__Hconst                 const        000000
__HcstackCOMRAM          cstackCOMRAM 000000
__Hdata                  data         000000
__HdataCOMRAM            dataCOMRAM   000000
__Heeprom_data           eeprom_data  000000
__Hfarbss                farbss       000000
__Hfardata               fardata      000000
__Hibigdata              ibigdata     000000
__Hidata                 idata        000000
__HidataCOMRAM           idataCOMRAM  000000
__Hidloc                 idloc        200008
__Hifardata              ifardata     000000
__Hinit                  init         000012
__Hintcode               intcode      00000E
__Hintcode_body          intcode_body 000000
__Hintcodelo             intcodelo    00000E
__Hintentry              intentry     000000
__Hintret                intret       000000
__Hintsave_regs          intsave_regs 000000
__Hirdata                irdata       000000
__Hmediumconst           mediumconst  000000
__HnvFARRAM              nvFARRAM     000000
__Hnvbit                 nvbit        000000
__Hnvrram                nvrram       000000
__Hparam                 rparam       000000
__Hpowerup               powerup      00000E
__Hram                   ram          000000
__Hramtop                ramtop       000800
__Hrbit                  rbit         000000
__Hrbss                  rbss         000000
__Hrdata                 rdata        000000
__Hreset_vec             reset_vec    000004
__Hrparam                rparam       000000
__Hsfr                   sfr          000000
__Hsmallconst            smallconst   000814
__Hspace_0               (abs)        000B0C
__Hspace_1               (abs)        000800
__Hspace_2               (abs)        000000
__Hspace_4               (abs)        60000E
__Hstack                 stack        000000
__Hstruct                struct       000000
__Htemp                  temp         00001D
__Htext                  text         000000
__Htext0                 text0        000000
__Htext1                 text1        000000
__Htext2                 text2        000000
__Htext3                 text3        000000
__Htext4                 text4        000000
__Htext5                 text5        000000
__Htext6                 text6        000000
__Htext7                 text7        000000
__Htext8                 text8        000000
__Htext9                 text9        000000
__LRAM                   (abs)        000001
__Labs1                  abs1         000000
__Lbank0                 bank0        000000
__Lbank1                 bank1        000000
__Lbank2                 bank2        000000
__Lbank3                 bank3        000000
__Lbank4                 bank4        000000
__Lbank5                 bank5        000000
__Lbank6                 bank6        000000
__Lbank7                 bank7        000000
__Lbigbss                bigbss       000000
__Lbigdata               bigdata      000000
__Lbigram                bigram       000000
__Lbss                   bss          000000
__LbssBIGRAM             bssBIGRAM    000000
__LbssCOMRAM             bssCOMRAM    000000
__Lcinit                 cinit        000000
__Lclrtext               clrtext      000000
__Lcomram                comram       000000
__Lconfig                config       000000
__Lconst                 const        000000
__LcstackCOMRAM          cstackCOMRAM 000000
__Ldata                  data         000000
__LdataCOMRAM            dataCOMRAM   000000
__Leeprom_data           eeprom_data  000000
__Lfarbss                farbss       000000
__Lfardata               fardata      000000
__Libigdata              ibigdata     000000
__Lidata                 idata        000000
__LidataCOMRAM           idataCOMRAM  000000
__Lidloc                 idloc        000000
__Lifardata              ifardata     000000
__Linit                  init         00000E
__Lintcode               intcode      000008
__Lintcode_body          intcode_body 000000
__Lintcodelo             intcodelo    00000E
__Lintentry              intentry     000000
__Lintret                intret       000000
__Lintsave_regs          intsave_regs 000000
__Lirdata                irdata       000000
__Lmediumconst           mediumconst  000000
__LnvFARRAM              nvFARRAM     000000
__Lnvbit                 nvbit        000000
__Lnvrram                nvrram       000000
__Lparam                 rparam       000000
__Lpowerup               powerup      00000E
__Lram                   ram          000000
__Lramtop                ramtop       000800
__Lrbit                  rbit         000000
__Lrbss                  rbss         000000
__Lrdata                 rdata        000000
__Lreset_vec             reset_vec    000000
__Lrparam                rparam       000000
__Lsfr                   sfr          000000
__Lsmallconst            smallconst   000800
__Lspace_0               (abs)        000000
__Lspace_1               (abs)        000000
__Lspace_2               (abs)        000000
__Lspace_4               (abs)        000000
__Lstack                 stack        000000
__Lstruct                struct       000000
__Ltemp                  temp         00001C
__Ltext                  text         000000
__Ltext0                 text0        000000
__Ltext1                 text1        000000
__Ltext2                 text2        000000
__Ltext3                 text3        000000
__Ltext4                 text4        000000
__Ltext5                 text5        000000
__Ltext6                 text6        000000
__Ltext7                 text7        000000
__Ltext8                 text8        000000
__Ltext9                 text9        000000
__S0                     (abs)        000B0C
__S1                     (abs)        000800
__S2                     (abs)        000000
__S4                     (abs)        000000
__S5                     (abs)        000000
___inthi_sp              stack        000000
___intlo_sp              stack        000000
___param_bank            (abs)        000000
___rparam_used           (abs)        000001
___sp                    stack        000000
__accesstop              (abs)        000060
__activetblptr           (abs)        000002
__end_of_ISR             intcode_body 000AEE
__end_of_USART_Init      text9        000B08
__end_of__initialization cinit        00099C
__end_of_data_received   text4        000AC2
__end_of_get_action      text2        000A10
__end_of_is_command      text3        000A96
__end_of_main            text0        000966
__end_of_memset          text1        000A6A
__end_of_strchr          text8        0009E0
__end_of_strlen          text7        000A3E
__end_of_strncmp         text6        00090C
__end_of_strstr          text5        000898
__initialization         cinit        000966
__mediumconst            mediumconst  000000
__pbssBIGRAM             bssBIGRAM    000600
__pbssCOMRAM             bssCOMRAM    00001B
__pcinit                 cinit        000966
__pcstackCOMRAM          cstackCOMRAM 000001
__pdataCOMRAM            dataCOMRAM   000017
__pidataCOMRAM           idataCOMRAM  000B08
__pintcode               intcode      000008
__pintcode_body          intcode_body 000AC2
__psmallconst            smallconst   000800
__ptext0                 text0        00090C
__ptext1                 text1        000A3E
__ptext2                 text2        0009E0
__ptext3                 text3        000A6A
__ptext4                 text4        000A96
__ptext5                 text5        000814
__ptext6                 text6        000898
__ptext7                 text7        000A10
__ptext8                 text8        0009AA
__ptext9                 text9        000AEE
__ramtop                 ramtop       000800
__size_of_ISR            (abs)        000000
__size_of_USART_Init     (abs)        000000
__size_of_data_received  (abs)        000000
__size_of_get_action     (abs)        000000
__size_of_is_command     (abs)        000000
__size_of_main           (abs)        000000
__size_of_memset         (abs)        000000
__size_of_strchr         (abs)        000000
__size_of_strlen         (abs)        000000
__size_of_strncmp        (abs)        000000
__size_of_strstr         (abs)        000000
__smallconst             smallconst   000800
_data                    bssBIGRAM    000600
_data_received           text4        000A96
_get_action              text2        0009E0
_is_command              text3        000A6A
_main                    text0        00090C
_memset                  text1        000A3E
_position                bssCOMRAM    00001B
_strchr                  text8        0009AA
_strlen                  text7        000A10
_strncmp                 text6        000898
_strstr                  text5        000814
btemp                    temp         00001C
data_received@ptr        cstackCOMRAM 000012
end_of_initialization    cinit        00099C
int$flags                temp         00001C
int_func                 intcode_body 000AC2
intlevel0                text         000000
intlevel1                text         000000
intlevel2                text         000000
intlevel3                text         000000
is_command@command       cstackCOMRAM 000012
is_command@ptr           cstackCOMRAM 000014
main@action              cstackCOMRAM 000016
memset@c                 cstackCOMRAM 000005
memset@n                 cstackCOMRAM 000007
memset@p                 cstackCOMRAM 000009
memset@p1                cstackCOMRAM 000003
stackhi                  (abs)        0005FF
stacklo                  (abs)        000060
start                    init         00000E
start_initialization     cinit        000966
strchr@chr               cstackCOMRAM 000005
strchr@ptr               cstackCOMRAM 000003
strlen@cp                cstackCOMRAM 000005
strlen@s                 cstackCOMRAM 000003
strncmp@len              cstackCOMRAM 00000B
strncmp@s1               cstackCOMRAM 000007
strncmp@s2               cstackCOMRAM 000009
strstr@s1                cstackCOMRAM 00000E
strstr@s2                cstackCOMRAM 000010
ttemp5                   temp         00001D
ttemp6                   temp         000020
ttemp7                   temp         000024
wtemp8                   temp         00001D


FUNCTION INFORMATION:

 *************** function _main *****************
 Defined at:
		line 102 in file "main.c"
 Parameters:    Size  Location     Type
		None
 Auto vars:     Size  Location     Type
  action          1   21[COMRAM] enum E4992
 Return value:  Size  Location     Type
                  1    wreg      void 
 Registers used:
		wreg, fsr2l, fsr2h, status,2, status,0, tblptrl, tblptrh, tblptru, cstack
 Tracked objects:
		On entry : 
		On exit  : 
		Unchanged: 
 Data sizes:     COMRAM   BANK0   BANK1   BANK2   BANK3   BANK4   BANK5   BANK6   BANK7
      Params:         0       0       0       0       0       0       0       0       0
      Locals:         1       0       0       0       0       0       0       0       0
      Temps:          0       0       0       0       0       0       0       0       0
      Totals:         1       0       0       0       0       0       0       0       0
Total ram usage:        1 bytes
 Hardware stack levels required when called:    5
 This function calls:
		_USART_Init
		_data_received
		_get_action
		_memset
 This function is called by:
		Startup code after reset
 This function uses a non-reentrant model


 *************** function _memset *****************
 Defined at:
		line 8 in file "/opt/microchip/xc8/v2.31/pic/sources/c90/common/memset.c"
 Parameters:    Size  Location     Type
  p1              2    2[COMRAM] PTR void 
		 -> data(512), 
  c               2    4[COMRAM] int 
  n               2    6[COMRAM] unsigned int 
 Auto vars:     Size  Location     Type
  p               2    8[COMRAM] PTR unsigned char 
		 -> data(512), 
 Return value:  Size  Location     Type
                  2    2[COMRAM] PTR void 
 Registers used:
		wreg, fsr2l, fsr2h, status,2, status,0
 Tracked objects:
		On entry : 
		On exit  : 
		Unchanged: 
 Data sizes:     COMRAM   BANK0   BANK1   BANK2   BANK3   BANK4   BANK5   BANK6   BANK7
      Params:         6       0       0       0       0       0       0       0       0
      Locals:         2       0       0       0       0       0       0       0       0
      Temps:          0       0       0       0       0       0       0       0       0
      Totals:         8       0       0       0       0       0       0       0       0
Total ram usage:        8 bytes
 Hardware stack levels used:    1
 Hardware stack levels required when called:    1
 This function calls:
		Nothing
 This function is called by:
		_main
 This function uses a non-reentrant model


 *************** function _get_action *****************
 Defined at:
		line 140 in file "main.c"
 Parameters:    Size  Location     Type
		None
 Auto vars:     Size  Location     Type
		None
 Return value:  Size  Location     Type
                  1    wreg      enum E4992
 Registers used:
		wreg, fsr2l, fsr2h, status,2, status,0, tblptrl, tblptrh, tblptru, cstack
 Tracked objects:
		On entry : 
		On exit  : 
		Unchanged: 
 Data sizes:     COMRAM   BANK0   BANK1   BANK2   BANK3   BANK4   BANK5   BANK6   BANK7
      Params:         0       0       0       0       0       0       0       0       0
      Locals:         0       0       0       0       0       0       0       0       0
      Temps:          0       0       0       0       0       0       0       0       0
      Totals:         0       0       0       0       0       0       0       0       0
Total ram usage:        0 bytes
 Hardware stack levels used:    1
 Hardware stack levels required when called:    4
 This function calls:
		_is_command
 This function is called by:
		_main
 This function uses a non-reentrant model


 *************** function _is_command *****************
 Defined at:
		line 150 in file "main.c"
 Parameters:    Size  Location     Type
  command         2   17[COMRAM] PTR const unsigned char 
		 -> STR_2(9), STR_1(8), 
 Auto vars:     Size  Location     Type
  ptr             2   19[COMRAM] PTR unsigned char 
		 -> NULL(0), data(512), 
 Return value:  Size  Location     Type
                  1    wreg      unsigned char 
 Registers used:
		wreg, fsr2l, fsr2h, status,2, status,0, tblptrl, tblptrh, tblptru, cstack
 Tracked objects:
		On entry : 
		On exit  : 
		Unchanged: 
 Data sizes:     COMRAM   BANK0   BANK1   BANK2   BANK3   BANK4   BANK5   BANK6   BANK7
      Params:         2       0       0       0       0       0       0       0       0
      Locals:         2       0       0       0       0       0       0       0       0
      Temps:          0       0       0       0       0       0       0       0       0
      Totals:         4       0       0       0       0       0       0       0       0
Total ram usage:        4 bytes
 Hardware stack levels used:    1
 Hardware stack levels required when called:    3
 This function calls:
		_strstr
 This function is called by:
		_get_action
 This function uses a non-reentrant model


 *************** function _data_received *****************
 Defined at:
		line 130 in file "main.c"
 Parameters:    Size  Location     Type
		None
 Auto vars:     Size  Location     Type
  ptr             2   17[COMRAM] PTR unsigned char 
		 -> NULL(0), data(512), 
 Return value:  Size  Location     Type
                  1    wreg      unsigned char 
 Registers used:
		wreg, fsr2l, fsr2h, status,2, status,0, tblptrl, tblptrh, tblptru, cstack
 Tracked objects:
		On entry : 
		On exit  : 
		Unchanged: 
 Data sizes:     COMRAM   BANK0   BANK1   BANK2   BANK3   BANK4   BANK5   BANK6   BANK7
      Params:         0       0       0       0       0       0       0       0       0
      Locals:         2       0       0       0       0       0       0       0       0
      Temps:          0       0       0       0       0       0       0       0       0
      Totals:         2       0       0       0       0       0       0       0       0
Total ram usage:        2 bytes
 Hardware stack levels used:    1
 Hardware stack levels required when called:    3
 This function calls:
		_strstr
 This function is called by:
		_main
 This function uses a non-reentrant model


 *************** function _strstr *****************
 Defined at:
		line 4 in file "/opt/microchip/xc8/v2.31/pic/sources/c90/common/strstr.c"
 Parameters:    Size  Location     Type
  s1              2   13[COMRAM] PTR const unsigned char 
		 -> NULL(0), data(512), 
  s2              2   15[COMRAM] PTR const unsigned char 
		 -> STR_3(2), STR_2(9), STR_1(8), 
 Auto vars:     Size  Location     Type
		None
 Return value:  Size  Location     Type
                  2   13[COMRAM] PTR unsigned char 
 Registers used:
		wreg, fsr2l, fsr2h, status,2, status,0, tblptrl, tblptrh, tblptru, cstack
 Tracked objects:
		On entry : 
		On exit  : 
		Unchanged: 
 Data sizes:     COMRAM   BANK0   BANK1   BANK2   BANK3   BANK4   BANK5   BANK6   BANK7
      Params:         4       0       0       0       0       0       0       0       0
      Locals:         0       0       0       0       0       0       0       0       0
      Temps:          0       0       0       0       0       0       0       0       0
      Totals:         4       0       0       0       0       0       0       0       0
Total ram usage:        4 bytes
 Hardware stack levels used:    1
 Hardware stack levels required when called:    2
 This function calls:
		_strchr
		_strlen
		_strncmp
 This function is called by:
		_data_received
		_is_command
 This function uses a non-reentrant model


 *************** function _strncmp *****************
 Defined at:
		line 4 in file "/opt/microchip/xc8/v2.31/pic/sources/c90/common/strncmp.c"
 Parameters:    Size  Location     Type
  s1              2    6[COMRAM] PTR const unsigned char 
		 -> NULL(0), data(512), 
  s2              2    8[COMRAM] PTR const unsigned char 
		 -> STR_3(2), STR_2(9), STR_1(8), 
  len             2   10[COMRAM] unsigned int 
 Auto vars:     Size  Location     Type
		None
 Return value:  Size  Location     Type
                  2    6[COMRAM] int 
 Registers used:
		wreg, fsr2l, fsr2h, status,2, status,0, tblptrl, tblptrh, tblptru
 Tracked objects:
		On entry : 
		On exit  : 
		Unchanged: 
 Data sizes:     COMRAM   BANK0   BANK1   BANK2   BANK3   BANK4   BANK5   BANK6   BANK7
      Params:         6       0       0       0       0       0       0       0       0
      Locals:         0       0       0       0       0       0       0       0       0
      Temps:          1       0       0       0       0       0       0       0       0
      Totals:         7       0       0       0       0       0       0       0       0
Total ram usage:        7 bytes
 Hardware stack levels used:    1
 Hardware stack levels required when called:    1
 This function calls:
		Nothing
 This function is called by:
		_strstr
 This function uses a non-reentrant model


 *************** function _strlen *****************
 Defined at:
		line 4 in file "/opt/microchip/xc8/v2.31/pic/sources/c90/common/strlen.c"
 Parameters:    Size  Location     Type
  s               2    2[COMRAM] PTR const unsigned char 
		 -> STR_3(2), STR_2(9), STR_1(8), 
 Auto vars:     Size  Location     Type
  cp              2    4[COMRAM] PTR const unsigned char 
		 -> STR_3(2), STR_2(9), STR_1(8), 
 Return value:  Size  Location     Type
                  2    2[COMRAM] unsigned int 
 Registers used:
		wreg, status,2, status,0, tblptrl, tblptrh, tblptru
 Tracked objects:
		On entry : 
		On exit  : 
		Unchanged: 
 Data sizes:     COMRAM   BANK0   BANK1   BANK2   BANK3   BANK4   BANK5   BANK6   BANK7
      Params:         2       0       0       0       0       0       0       0       0
      Locals:         2       0       0       0       0       0       0       0       0
      Temps:          0       0       0       0       0       0       0       0       0
      Totals:         4       0       0       0       0       0       0       0       0
Total ram usage:        4 bytes
 Hardware stack levels used:    1
 Hardware stack levels required when called:    1
 This function calls:
		Nothing
 This function is called by:
		_strstr
 This function uses a non-reentrant model


 *************** function _strchr *****************
 Defined at:
		line 4 in file "/opt/microchip/xc8/v2.31/pic/sources/c90/common/strchr.c"
 Parameters:    Size  Location     Type
  ptr             2    2[COMRAM] PTR const unsigned char 
		 -> NULL(0), data(512), 
  chr             2    4[COMRAM] int 
 Auto vars:     Size  Location     Type
		None
 Return value:  Size  Location     Type
                  2    2[COMRAM] PTR unsigned char 
 Registers used:
		wreg, fsr2l, fsr2h, status,2, status,0
 Tracked objects:
		On entry : 
		On exit  : 
		Unchanged: 
 Data sizes:     COMRAM   BANK0   BANK1   BANK2   BANK3   BANK4   BANK5   BANK6   BANK7
      Params:         4       0       0       0       0       0       0       0       0
      Locals:         0       0       0       0       0       0       0       0       0
      Temps:          1       0       0       0       0       0       0       0       0
      Totals:         5       0       0       0       0       0       0       0       0
Total ram usage:        5 bytes
 Hardware stack levels used:    1
 Hardware stack levels required when called:    1
 This function calls:
		Nothing
 This function is called by:
		_strstr
 This function uses a non-reentrant model


 *************** function _USART_Init *****************
 Defined at:
		line 160 in file "main.c"
 Parameters:    Size  Location     Type
		None
 Auto vars:     Size  Location     Type
		None
 Return value:  Size  Location     Type
                  1    wreg      void 
 Registers used:
		wreg, status,2
 Tracked objects:
		On entry : 
		On exit  : 
		Unchanged: 
 Data sizes:     COMRAM   BANK0   BANK1   BANK2   BANK3   BANK4   BANK5   BANK6   BANK7
      Params:         0       0       0       0       0       0       0       0       0
      Locals:         0       0       0       0       0       0       0       0       0
      Temps:          0       0       0       0       0       0       0       0       0
      Totals:         0       0       0       0       0       0       0       0       0
Total ram usage:        0 bytes
 Hardware stack levels used:    1
 Hardware stack levels required when called:    1
 This function calls:
		Nothing
 This function is called by:
		_main
 This function uses a non-reentrant model


 *************** function _ISR *****************
 Defined at:
		line 173 in file "main.c"
 Parameters:    Size  Location     Type
		None
 Auto vars:     Size  Location     Type
		None
 Return value:  Size  Location     Type
                  1    wreg      void 
 Registers used:
		wreg, fsr2l, fsr2h, status,2, status,0
 Tracked objects:
		On entry : 
		On exit  : 
		Unchanged: 
 Data sizes:     COMRAM   BANK0   BANK1   BANK2   BANK3   BANK4   BANK5   BANK6   BANK7
      Params:         0       0       0       0       0       0       0       0       0
      Locals:         0       0       0       0       0       0       0       0       0
      Temps:          2       0       0       0       0       0       0       0       0
      Totals:         2       0       0       0       0       0       0       0       0
Total ram usage:        2 bytes
 Hardware stack levels used:    1
 This function calls:
		Nothing
 This function is called by:
		Interrupt level 2
 This function uses a non-reentrant model



MODULE INFORMATION

Module		Function		Class		Link	Load	Size
/opt/microchip/xc8/v2.31/pic/sources/c90/common/strncmp.c
		_strncmp       		CODE           	0898	0000	116

/opt/microchip/xc8/v2.31/pic/sources/c90/common/strncmp.c estimated size: 116

/opt/microchip/xc8/v2.31/pic/sources/c90/common/strlen.c
		_strlen        		CODE           	0A10	0000	46

/opt/microchip/xc8/v2.31/pic/sources/c90/common/strlen.c estimated size: 46

/opt/microchip/xc8/v2.31/pic/sources/c90/common/strchr.c
		_strchr        		CODE           	09AA	0000	54

/opt/microchip/xc8/v2.31/pic/sources/c90/common/strchr.c estimated size: 54

/opt/microchip/xc8/v2.31/pic/sources/c90/common/memset.c
		_memset        		CODE           	0A3E	0000	44

/opt/microchip/xc8/v2.31/pic/sources/c90/common/memset.c estimated size: 44

shared
		__initialization		CODE           	0966	0000	54

shared estimated size: 54

/opt/microchip/xc8/v2.31/pic/sources/c90/common/strstr.c
		_strstr        		CODE           	0814	0000	132

/opt/microchip/xc8/v2.31/pic/sources/c90/common/strstr.c estimated size: 132

main.c
		_get_action    		CODE           	09E0	0000	48
		_ISR           		CODE           	0008	0000	50
		_main          		CODE           	090C	0000	90
		_data_received 		CODE           	0A96	0000	44
		_is_command    		CODE           	0A6A	0000	44
		_USART_Init    		CODE           	0AEE	0000	26

main.c estimated size: 302

